******************************************************************************
                  TI ARM Linker PC v20.2.5                     
******************************************************************************
>> Linked Thu Apr  7 15:57:36 2022

OUTPUT FILE NAME:   <SPI MASTER DriverLib.out>
ENTRY POINT SYMBOL: "_c_int00_noargs"  address: 000028a5


MEMORY CONFIGURATION

         name            origin    length      used     unused   attr    fill
----------------------  --------  ---------  --------  --------  ----  --------
  MAIN                  00000000   00040000  00002a50  0003d5b0  R  X
  INFO                  00200000   00004000  00000000  00004000  R  X
  SRAM_CODE             01000000   00010000  00000328  0000fcd8  RW X
  SRAM_DATA             20000000   00010000  00000328  0000fcd8  RW  


SEGMENT ALLOCATION MAP

run origin  load origin   length   init length attrs members
----------  ----------- ---------- ----------- ----- -------
00000000    00000000    00002a50   00002a50    r-x
  00000000    00000000    000000e4   000000e4    r-- .intvecs
  000000e4    000000e4    00002834   00002834    r-x .text
  00002918    00002918    000000c8   000000c8    r-- .const
  000029e0    000029e0    00000070   00000070    r-- .cinit
20000000    20000000    00000128   00000000    rw-
  20000000    20000000    000000e4   00000000    rw- .vtable
  200000e4    200000e4    00000040   00000000    rw- .data
  20000124    20000124    00000004   00000000    rw- .bss
2000fe00    2000fe00    00000200   00000000    rw-
  2000fe00    2000fe00    00000200   00000000    rw- .stack


SECTION ALLOCATION MAP

 output                                  attributes/
section   page    origin      length       input sections
--------  ----  ----------  ----------   ----------------
.intvecs   0    00000000    000000e4     
                  00000000    000000e4     startup_msp432p401r_ccs.obj (.intvecs:retain)

.text      0    000000e4    00002834     
                  000000e4    000008a4     spi.obj (.text)
                  00000988    00000838     pcm.obj (.text)
                  000011c0    00000508     rtc_c.obj (.text)
                  000016c8    00000480     gpio.obj (.text)
                  00001b48    000003f0     interrupt.obj (.text)
                  00001f38    00000354     system_msp432p401r.obj (.text)
                  0000228c    00000244     sysctl.obj (.text)
                  000024d0    00000174     main.obj (.text)
                  00002644    000000d8     wdt_a.obj (.text)
                  0000271c    0000009c     rtsv7M4_T_le_v4SPD16_eabi.lib : memcpy_t2.asm.obj (.text)
                  000027b8    00000068                                   : copy_decompress_lzss.c.obj (.text:decompress:lzss:__TI_decompress_lzss)
                  00002820    00000044                                   : autoinit.c.obj (.text:__TI_auto_init_nobinit_nopinit:__TI_auto_init_nobinit_nopinit)
                  00002864    0000003e     cpu.obj (.text)
                  000028a2    00000002     --HOLE-- [fill = 0]
                  000028a4    00000034     rtsv7M4_T_le_v4SPD16_eabi.lib : boot_cortex_m.c.obj (.text:_c_int00_noargs:_c_int00_noargs)
                  000028d8    0000001c                                   : copy_zero_init.c.obj (.text:decompress:ZI:__TI_zero_init_nomemset:__TI_zero_init_nomemset)
                  000028f4    0000000e                                   : copy_decompress_none.c.obj (.text:decompress:none:__TI_decompress_none)
                  00002902    0000000e     startup_msp432p401r_ccs.obj (.text)
                  00002910    00000004     rtsv7M4_T_le_v4SPD16_eabi.lib : pre_init.c.obj (.text:_system_pre_init)
                  00002914    00000004                                   : exit.c.obj (.text:abort:abort)

.const     0    00002918    000000c8     
                  00002918    00000050     interrupt.obj (.const:g_pulRegs)
                  00002968    00000020     interrupt.obj (.const:g_pulPriority)
                  00002988    0000001c     gpio.obj (.const:GPIO_PORT_TO_INT)
                  000029a4    0000001c     main.obj (.const:spiMasterConfig)
                  000029c0    00000008     interrupt.obj (.const:g_pulDisRegs)
                  000029c8    00000008     interrupt.obj (.const:g_pulEnRegs)
                  000029d0    00000008     interrupt.obj (.const:g_pulPendRegs)
                  000029d8    00000008     interrupt.obj (.const:g_pulUnpendRegs)

.cinit     0    000029e0    00000070     
                  000029e0    00000035     (.cinit..data.load) [load image, compression = lzss]
                  00002a15    00000003     --HOLE-- [fill = 0]
                  00002a18    0000000c     (__TI_handler_table)
                  00002a24    00000004     --HOLE-- [fill = 0]
                  00002a28    00000008     (.cinit..bss.load) [load image, compression = zero_init]
                  00002a30    00000008     (.cinit..vtable.load) [load image, compression = zero_init]
                  00002a38    00000018     (__TI_cinit_table)

.init_array 
*          0    00000000    00000000     UNINITIALIZED

.binit     0    00000000    00000000     

.vtable    0    20000000    000000e4     UNINITIALIZED
                  20000000    000000e4     interrupt.obj (.vtable)

.data      0    200000e4    00000040     UNINITIALIZED
                  200000e4    00000030     gpio.obj (.data:GPIO_PORT_TO_BASE)
                  20000114    0000000c     main.obj (.data)
                  20000120    00000004     system_msp432p401r.obj (.data)

.bss       0    20000124    00000004     UNINITIALIZED
                  20000124    00000004     (.common:DataEcg)

.stack     0    2000fe00    00000200     UNINITIALIZED
                  2000fe00    00000004     rtsv7M4_T_le_v4SPD16_eabi.lib : boot_cortex_m.c.obj (.stack)
                  2000fe04    000001fc     --HOLE--

__llvm_prf_cnts 
*          0    20000000    00000000     UNINITIALIZED

MODULE SUMMARY

       Module                        code    ro data   rw data
       ------                        ----    -------   -------
    .\
       spi.obj                       2212    0         0      
       pcm.obj                       2104    0         0      
       interrupt.obj                 1008    144       456    
       rtc_c.obj                     1288    0         0      
       gpio.obj                      1152    28        96     
       system_msp432p401r.obj        852     0         8      
       sysctl.obj                    580     0         0      
       main.obj                      372     28        32     
       startup_msp432p401r_ccs.obj   14      228       0      
       wdt_a.obj                     216     0         0      
       cpu.obj                       62      0         0      
    +--+-----------------------------+-------+---------+---------+
       Total:                        9860    428       592    
                                                              
    C:\ti\ccs1040\ccs\tools\compiler\ti-cgt-arm_20.2.5.LTS\lib\rtsv7M4_T_le_v4SPD16_eabi.lib
       memcpy_t2.asm.obj             156     0         0      
       copy_decompress_lzss.c.obj    104     0         0      
       autoinit.c.obj                68      0         0      
       boot_cortex_m.c.obj           52      0         0      
       copy_zero_init.c.obj          28      0         0      
       copy_decompress_none.c.obj    14      0         0      
       exit.c.obj                    4       0         0      
       pre_init.c.obj                4       0         0      
    +--+-----------------------------+-------+---------+---------+
       Total:                        430     0         0      
                                                              
       Stack:                        0       0         1024   
       Linker Generated:             0       105       0      
    +--+-----------------------------+-------+---------+---------+
       Grand Total:                  10290   533       1616   


LINKER GENERATED COPY TABLES

__TI_cinit_table @ 00002a38 records: 3, size/record: 8, table size: 24
	.data: load addr=000029e0, load size=00000035 bytes, run addr=200000e4, run size=00000040 bytes, compression=lzss
	.bss: load addr=00002a28, load size=00000008 bytes, run addr=20000124, run size=00000004 bytes, compression=zero_init
	.vtable: load addr=00002a30, load size=00000008 bytes, run addr=20000000, run size=000000e4 bytes, compression=zero_init


LINKER GENERATED HANDLER TABLE

__TI_handler_table @ 00002a18 records: 3, size/record: 4, table size: 12
	index: 0, handler: __TI_zero_init
	index: 1, handler: __TI_decompress_lzss
	index: 2, handler: __TI_decompress_none


GLOBAL SYMBOLS: SORTED ALPHABETICALLY BY Name 

address   name                                       
-------   ----                                       
0000290f  ADC14_IRQHandler                           
0000290f  AES256_IRQHandler                          
2000011c  BioZ_SVD                                   
0000290f  BusFault_Handler                           
00002915  C$$EXIT                                    
0000290f  COMP_E0_IRQHandler                         
0000290f  COMP_E1_IRQHandler                         
00002899  CPU_basepriGet                             
0000288b  CPU_basepriSet                             
00002865  CPU_cpsid                                  
0000287b  CPU_cpsie                                  
00002871  CPU_primask                                
00002887  CPU_wfi                                    
0000290f  CS_IRQHandler                              
0000290f  DMA_ERR_IRQHandler                         
0000290f  DMA_INT0_IRQHandler                        
0000290f  DMA_INT1_IRQHandler                        
0000290f  DMA_INT2_IRQHandler                        
0000290f  DMA_INT3_IRQHandler                        
20000124  DataEcg                                    
0000290f  DebugMon_Handler                           
0000290f  Default_Handler                            
20000118  ECG_SVD                                    
20000116  ECG_etag                                   
20000117  ECG_ptag                                   
0000290f  EUSCIA0_IRQHandler                         
0000290f  EUSCIA1_IRQHandler                         
0000290f  EUSCIA2_IRQHandler                         
0000290f  EUSCIA3_IRQHandler                         
0000290f  EUSCIB0_IRQHandler                         
0000290f  EUSCIB1_IRQHandler                         
00002523  EUSCIB2_IRQHandler                         
00002523  EUSCIB2_IRQHandler                         
0000290f  EUSCIB3_IRQHandler                         
00000853  EUSCI_A_SPI_changeClockPhasePolarity       
00000907  EUSCI_A_SPI_clearInterruptFlag             
00000937  EUSCI_A_SPI_disable                        
000008d5  EUSCI_A_SPI_disableInterrupt               
00000921  EUSCI_A_SPI_enable                         
000008bb  EUSCI_A_SPI_enableInterrupt                
000008ef  EUSCI_A_SPI_getInterruptStatus             
0000094d  EUSCI_A_SPI_getReceiveBufferAddressForDMA  
0000095b  EUSCI_A_SPI_getTransmitBufferAddressForDMA 
00000969  EUSCI_A_SPI_isBusy                         
000007d3  EUSCI_A_SPI_masterChangeClock              
000008ab  EUSCI_A_SPI_receiveData                    
000007b3  EUSCI_A_SPI_select4PinFunctionality        
00000809  EUSCI_A_SPI_slaveInit                      
00000895  EUSCI_A_SPI_transmitData                   
00000685  EUSCI_B_SPI_changeClockPhasePolarity       
00000739  EUSCI_B_SPI_clearInterruptFlag             
00000769  EUSCI_B_SPI_disable                        
00000707  EUSCI_B_SPI_disableInterrupt               
00000753  EUSCI_B_SPI_enable                         
000006ed  EUSCI_B_SPI_enableInterrupt                
00000721  EUSCI_B_SPI_getInterruptStatus             
0000077f  EUSCI_B_SPI_getReceiveBufferAddressForDMA  
0000078d  EUSCI_B_SPI_getTransmitBufferAddressForDMA 
0000079b  EUSCI_B_SPI_isBusy                         
00000609  EUSCI_B_SPI_masterChangeClock              
000006dd  EUSCI_B_SPI_receiveData                    
000005e9  EUSCI_B_SPI_select4PinFunctionality        
0000063b  EUSCI_B_SPI_slaveInit                      
000006c7  EUSCI_B_SPI_transmitData                   
0000290f  FLCTL_IRQHandler                           
0000290f  FPU_IRQHandler                             
000019eb  GPIO_clearInterruptFlag                    
000019ab  GPIO_disableInterrupt                      
00001989  GPIO_enableInterrupt                       
00001a43  GPIO_getEnabledInterruptStatus             
0000195b  GPIO_getInputPinValue                      
000019cd  GPIO_getInterruptStatus                    
00001a0d  GPIO_interruptEdgeSelect                   
00001b03  GPIO_registerInterrupt                     
00001703  GPIO_setAsInputPin                         
000018b7  GPIO_setAsInputPinWithPullDownResistor     
00001909  GPIO_setAsInputPinWithPullUpResistor       
000016c9  GPIO_setAsOutputPin                        
000017cd  GPIO_setAsPeripheralModuleFunctionInputPin 
00001749  GPIO_setAsPeripheralModuleFunctionOutputPin
00001abf  GPIO_setDriveStrengthHigh                  
00001ae1  GPIO_setDriveStrengthLow                   
00001851  GPIO_setOutputHighOnPin                    
00001873  GPIO_setOutputLowOnPin                     
00001895  GPIO_toggleOutputOnPin                     
00001b23  GPIO_unregisterInterrupt                   
0000290f  HardFault_Handler                          
00001d0b  Interrupt_disableInterrupt                 
00001b5b  Interrupt_disableMaster                    
00001f09  Interrupt_disableSleepOnIsrExit            
00001c99  Interrupt_enableInterrupt                  
00001b4b  Interrupt_enableMaster                     
00001ef7  Interrupt_enableSleepOnIsrExit             
00001c73  Interrupt_getPriority                      
00001beb  Interrupt_getPriorityGrouping              
00001ed7  Interrupt_getPriorityMask                  
00001ef1  Interrupt_getVectorTableAddress            
00001d7d  Interrupt_isEnabled                        
00001e09  Interrupt_pendInterrupt                    
00001b6b  Interrupt_registerInterrupt                
00001c23  Interrupt_setPriority                      
00001bd1  Interrupt_setPriorityGrouping              
00001ec7  Interrupt_setPriorityMask                  
00001ee1  Interrupt_setVectorTableAddress            
00001e79  Interrupt_unpendInterrupt                  
00001bbd  Interrupt_unregisterInterrupt              
0000290f  MemManage_Handler                          
0000290f  NMI_Handler                                
0000290f  PCM_IRQHandler                             
00001163  PCM_clearInterruptFlag                     
00001139  PCM_disableInterrupt                       
00001111  PCM_disableRudeMode                        
00001125  PCM_enableInterrupt                        
000010ff  PCM_enableRudeMode                         
00000b0b  PCM_getCoreVoltageLevel                    
00001153  PCM_getEnabledInterruptStatus              
0000114d  PCM_getInterruptStatus                     
00000ab1  PCM_getPowerMode                           
000010f3  PCM_getPowerState                          
00001025  PCM_gotoLPM0                               
00001043  PCM_gotoLPM0InterruptSafe                  
0000105f  PCM_gotoLPM3                               
000010d7  PCM_gotoLPM3InterruptSafe                  
00000ff9  PCM_gotoLPM4                               
00001009  PCM_gotoLPM4InterruptSafe                  
00001177  PCM_registerInterrupt                      
00000a7f  PCM_setCoreVoltageLevel                    
00000aa1  PCM_setCoreVoltageLevelNonBlocking         
00000a8f  PCM_setCoreVoltageLevelWithTimeout         
00000cb1  PCM_setPowerMode                           
00000cc1  PCM_setPowerModeNonBlocking                
00000cd1  PCM_setPowerModeWithTimeout                
00000f83  PCM_setPowerState                          
00000fa5  PCM_setPowerStateNonBlocking               
00000f93  PCM_setPowerStateWithTimeout               
00000fb5  PCM_shutdownDevice                         
0000118b  PCM_unregisterInterrupt                    
0000290f  PORT1_IRQHandler                           
0000290f  PORT2_IRQHandler                           
0000290f  PORT3_IRQHandler                           
0000290f  PORT4_IRQHandler                           
0000290f  PORT5_IRQHandler                           
0000290f  PORT6_IRQHandler                           
0000290f  PSS_IRQHandler                             
0000290f  PendSV_Handler                             
0000290f  RTC_C_IRQHandler                           
0000161d  RTC_C_clearInterruptFlag                   
00001467  RTC_C_convertBCDToBinary                   
0000147f  RTC_C_convertBinaryToBCD                   
000013c3  RTC_C_definePrescaleEvent                  
000014ed  RTC_C_disableInterrupt                     
00001497  RTC_C_enableInterrupt                      
000012f5  RTC_C_getCalendarTime                      
000015bd  RTC_C_getEnabledInterruptStatus            
00001555  RTC_C_getInterruptStatus                   
000013eb  RTC_C_getPrescaleValue                     
000011df  RTC_C_holdClock                            
00001283  RTC_C_initCalendar                         
00001663  RTC_C_registerInterrupt                    
0000135b  RTC_C_setCalendarAlarm                     
00001393  RTC_C_setCalendarEvent                     
0000122d  RTC_C_setCalibrationData                   
000011fd  RTC_C_setCalibrationFrequency              
00001417  RTC_C_setPrescaleValue                     
00001259  RTC_C_setTemperatureCompensation           
000011c1  RTC_C_startClock                           
00001681  RTC_C_unregisterInterrupt                  
00002903  Reset_Handler                              
000002a7  SPI_changeClockPhasePolarity               
00000201  SPI_changeMasterClock                      
00000459  SPI_clearInterruptFlag                     
000003db  SPI_disableInterrupt                       
00000335  SPI_disableModule                          
000003b5  SPI_enableInterrupt                        
00000319  SPI_enableModule                           
00000429  SPI_getEnabledInterruptStatus              
00000401  SPI_getInterruptStatus                     
00000351  SPI_getReceiveBufferAddressForDMA          
0000036d  SPI_getTransmitBufferAddressForDMA         
00000115  SPI_initMaster                             
00000229  SPI_initSlave                              
00000399  SPI_isBusy                                 
000002fd  SPI_receiveData                            
0000047f  SPI_registerInterrupt                      
000001db  SPI_selectFourPinFunctionality             
000002d7  SPI_transmitData                           
0000053d  SPI_unregisterInterrupt                    
0000290f  SVC_Handler                                
0000247f  SysCtl_disableGlitchFilter                 
0000230f  SysCtl_disableNMISource                    
00002417  SysCtl_disablePeripheralAtCPUHalt          
00002359  SysCtl_disableSRAMBank                     
000023dd  SysCtl_disableSRAMBankRetention            
00002473  SysCtl_enableGlitchFilter                  
00002323  SysCtl_enableNMISource                     
00002403  SysCtl_enablePeripheralAtCPUHalt           
0000233d  SysCtl_enableSRAMBank                      
000023c1  SysCtl_enableSRAMBankRetention             
00002309  SysCtl_getFlashSize                        
00002337  SysCtl_getNMISourceStatus                  
00002303  SysCtl_getSRAMSize                         
0000228d  SysCtl_getTLVInfo                          
0000248b  SysCtl_getTempCalibrationConstant          
000023f9  SysCtl_rebootDevice                        
0000244f  SysCtl_setWDTPasswordViolationResetType    
0000242b  SysCtl_setWDTTimeoutResetType              
0000290f  SysTick_Handler                            
20000120  SystemCoreClock                            
00001f39  SystemCoreClockUpdate                      
000021b1  SystemInit                                 
0000290f  T32_INT1_IRQHandler                        
0000290f  T32_INT2_IRQHandler                        
0000290f  T32_INTC_IRQHandler                        
0000290f  TA0_0_IRQHandler                           
0000290f  TA0_N_IRQHandler                           
0000290f  TA1_0_IRQHandler                           
0000290f  TA1_N_IRQHandler                           
0000290f  TA2_0_IRQHandler                           
0000290f  TA2_N_IRQHandler                           
0000290f  TA3_0_IRQHandler                           
0000290f  TA3_N_IRQHandler                           
0000290f  UsageFault_Handler                         
4000480c  WDTCTL_SYM                                 
0000290f  WDT_A_IRQHandler                           
00002685  WDT_A_clearTimer                           
00002645  WDT_A_holdTimer                            
000026c1  WDT_A_initIntervalTimer                    
000026a5  WDT_A_initWatchdogTimer                    
000026f5  WDT_A_registerInterrupt                    
000026dd  WDT_A_setPasswordViolationReset            
000026e9  WDT_A_setTimeoutReset                      
00002665  WDT_A_startTimer                           
00002709  WDT_A_unregisterInterrupt                  
20010000  __STACK_END                                
00000200  __STACK_SIZE                               
00002a38  __TI_CINIT_Base                            
00002a50  __TI_CINIT_Limit                           
00002a18  __TI_Handler_Table_Base                    
00002a24  __TI_Handler_Table_Limit                   
00002821  __TI_auto_init_nobinit_nopinit             
000027b9  __TI_decompress_lzss                       
000028f5  __TI_decompress_none                       
ffffffff  __TI_pprof_out_hndl                        
ffffffff  __TI_prof_data_size                        
ffffffff  __TI_prof_data_start                       
00000000  __TI_static_base__                         
000028d9  __TI_zero_init_nomemset                    
0000271d  __aeabi_memcpy                             
0000271d  __aeabi_memcpy4                            
0000271d  __aeabi_memcpy8                            
ffffffff  __binit__                                  
ffffffff  __c_args__                                 
UNDEFED   __mpu_init                                 
2000fe00  __stack                                    
20000000  __start___llvm_prf_cnts                    
20000000  __stop___llvm_prf_cnts                     
000028a5  _c_int00_noargs                            
UNDEFED   _system_post_cinit                         
00002911  _system_pre_init                           
00002915  abort                                      
ffffffff  binit                                      
20000115  fifo_BioZ                                  
20000114  fifo_ECG                                   
20000000  g_pfnRAMVectors                            
00000000  interruptVectors                           
000024d1  main                                       
0000271d  memcpy                                     
000029a4  spiMasterConfig                            


GLOBAL SYMBOLS: SORTED BY Symbol Address 

address   name                                       
-------   ----                                       
00000000  __TI_static_base__                         
00000000  interruptVectors                           
00000115  SPI_initMaster                             
000001db  SPI_selectFourPinFunctionality             
00000200  __STACK_SIZE                               
00000201  SPI_changeMasterClock                      
00000229  SPI_initSlave                              
000002a7  SPI_changeClockPhasePolarity               
000002d7  SPI_transmitData                           
000002fd  SPI_receiveData                            
00000319  SPI_enableModule                           
00000335  SPI_disableModule                          
00000351  SPI_getReceiveBufferAddressForDMA          
0000036d  SPI_getTransmitBufferAddressForDMA         
00000399  SPI_isBusy                                 
000003b5  SPI_enableInterrupt                        
000003db  SPI_disableInterrupt                       
00000401  SPI_getInterruptStatus                     
00000429  SPI_getEnabledInterruptStatus              
00000459  SPI_clearInterruptFlag                     
0000047f  SPI_registerInterrupt                      
0000053d  SPI_unregisterInterrupt                    
000005e9  EUSCI_B_SPI_select4PinFunctionality        
00000609  EUSCI_B_SPI_masterChangeClock              
0000063b  EUSCI_B_SPI_slaveInit                      
00000685  EUSCI_B_SPI_changeClockPhasePolarity       
000006c7  EUSCI_B_SPI_transmitData                   
000006dd  EUSCI_B_SPI_receiveData                    
000006ed  EUSCI_B_SPI_enableInterrupt                
00000707  EUSCI_B_SPI_disableInterrupt               
00000721  EUSCI_B_SPI_getInterruptStatus             
00000739  EUSCI_B_SPI_clearInterruptFlag             
00000753  EUSCI_B_SPI_enable                         
00000769  EUSCI_B_SPI_disable                        
0000077f  EUSCI_B_SPI_getReceiveBufferAddressForDMA  
0000078d  EUSCI_B_SPI_getTransmitBufferAddressForDMA 
0000079b  EUSCI_B_SPI_isBusy                         
000007b3  EUSCI_A_SPI_select4PinFunctionality        
000007d3  EUSCI_A_SPI_masterChangeClock              
00000809  EUSCI_A_SPI_slaveInit                      
00000853  EUSCI_A_SPI_changeClockPhasePolarity       
00000895  EUSCI_A_SPI_transmitData                   
000008ab  EUSCI_A_SPI_receiveData                    
000008bb  EUSCI_A_SPI_enableInterrupt                
000008d5  EUSCI_A_SPI_disableInterrupt               
000008ef  EUSCI_A_SPI_getInterruptStatus             
00000907  EUSCI_A_SPI_clearInterruptFlag             
00000921  EUSCI_A_SPI_enable                         
00000937  EUSCI_A_SPI_disable                        
0000094d  EUSCI_A_SPI_getReceiveBufferAddressForDMA  
0000095b  EUSCI_A_SPI_getTransmitBufferAddressForDMA 
00000969  EUSCI_A_SPI_isBusy                         
00000a7f  PCM_setCoreVoltageLevel                    
00000a8f  PCM_setCoreVoltageLevelWithTimeout         
00000aa1  PCM_setCoreVoltageLevelNonBlocking         
00000ab1  PCM_getPowerMode                           
00000b0b  PCM_getCoreVoltageLevel                    
00000cb1  PCM_setPowerMode                           
00000cc1  PCM_setPowerModeNonBlocking                
00000cd1  PCM_setPowerModeWithTimeout                
00000f83  PCM_setPowerState                          
00000f93  PCM_setPowerStateWithTimeout               
00000fa5  PCM_setPowerStateNonBlocking               
00000fb5  PCM_shutdownDevice                         
00000ff9  PCM_gotoLPM4                               
00001009  PCM_gotoLPM4InterruptSafe                  
00001025  PCM_gotoLPM0                               
00001043  PCM_gotoLPM0InterruptSafe                  
0000105f  PCM_gotoLPM3                               
000010d7  PCM_gotoLPM3InterruptSafe                  
000010f3  PCM_getPowerState                          
000010ff  PCM_enableRudeMode                         
00001111  PCM_disableRudeMode                        
00001125  PCM_enableInterrupt                        
00001139  PCM_disableInterrupt                       
0000114d  PCM_getInterruptStatus                     
00001153  PCM_getEnabledInterruptStatus              
00001163  PCM_clearInterruptFlag                     
00001177  PCM_registerInterrupt                      
0000118b  PCM_unregisterInterrupt                    
000011c1  RTC_C_startClock                           
000011df  RTC_C_holdClock                            
000011fd  RTC_C_setCalibrationFrequency              
0000122d  RTC_C_setCalibrationData                   
00001259  RTC_C_setTemperatureCompensation           
00001283  RTC_C_initCalendar                         
000012f5  RTC_C_getCalendarTime                      
0000135b  RTC_C_setCalendarAlarm                     
00001393  RTC_C_setCalendarEvent                     
000013c3  RTC_C_definePrescaleEvent                  
000013eb  RTC_C_getPrescaleValue                     
00001417  RTC_C_setPrescaleValue                     
00001467  RTC_C_convertBCDToBinary                   
0000147f  RTC_C_convertBinaryToBCD                   
00001497  RTC_C_enableInterrupt                      
000014ed  RTC_C_disableInterrupt                     
00001555  RTC_C_getInterruptStatus                   
000015bd  RTC_C_getEnabledInterruptStatus            
0000161d  RTC_C_clearInterruptFlag                   
00001663  RTC_C_registerInterrupt                    
00001681  RTC_C_unregisterInterrupt                  
000016c9  GPIO_setAsOutputPin                        
00001703  GPIO_setAsInputPin                         
00001749  GPIO_setAsPeripheralModuleFunctionOutputPin
000017cd  GPIO_setAsPeripheralModuleFunctionInputPin 
00001851  GPIO_setOutputHighOnPin                    
00001873  GPIO_setOutputLowOnPin                     
00001895  GPIO_toggleOutputOnPin                     
000018b7  GPIO_setAsInputPinWithPullDownResistor     
00001909  GPIO_setAsInputPinWithPullUpResistor       
0000195b  GPIO_getInputPinValue                      
00001989  GPIO_enableInterrupt                       
000019ab  GPIO_disableInterrupt                      
000019cd  GPIO_getInterruptStatus                    
000019eb  GPIO_clearInterruptFlag                    
00001a0d  GPIO_interruptEdgeSelect                   
00001a43  GPIO_getEnabledInterruptStatus             
00001abf  GPIO_setDriveStrengthHigh                  
00001ae1  GPIO_setDriveStrengthLow                   
00001b03  GPIO_registerInterrupt                     
00001b23  GPIO_unregisterInterrupt                   
00001b4b  Interrupt_enableMaster                     
00001b5b  Interrupt_disableMaster                    
00001b6b  Interrupt_registerInterrupt                
00001bbd  Interrupt_unregisterInterrupt              
00001bd1  Interrupt_setPriorityGrouping              
00001beb  Interrupt_getPriorityGrouping              
00001c23  Interrupt_setPriority                      
00001c73  Interrupt_getPriority                      
00001c99  Interrupt_enableInterrupt                  
00001d0b  Interrupt_disableInterrupt                 
00001d7d  Interrupt_isEnabled                        
00001e09  Interrupt_pendInterrupt                    
00001e79  Interrupt_unpendInterrupt                  
00001ec7  Interrupt_setPriorityMask                  
00001ed7  Interrupt_getPriorityMask                  
00001ee1  Interrupt_setVectorTableAddress            
00001ef1  Interrupt_getVectorTableAddress            
00001ef7  Interrupt_enableSleepOnIsrExit             
00001f09  Interrupt_disableSleepOnIsrExit            
00001f39  SystemCoreClockUpdate                      
000021b1  SystemInit                                 
0000228d  SysCtl_getTLVInfo                          
00002303  SysCtl_getSRAMSize                         
00002309  SysCtl_getFlashSize                        
0000230f  SysCtl_disableNMISource                    
00002323  SysCtl_enableNMISource                     
00002337  SysCtl_getNMISourceStatus                  
0000233d  SysCtl_enableSRAMBank                      
00002359  SysCtl_disableSRAMBank                     
000023c1  SysCtl_enableSRAMBankRetention             
000023dd  SysCtl_disableSRAMBankRetention            
000023f9  SysCtl_rebootDevice                        
00002403  SysCtl_enablePeripheralAtCPUHalt           
00002417  SysCtl_disablePeripheralAtCPUHalt          
0000242b  SysCtl_setWDTTimeoutResetType              
0000244f  SysCtl_setWDTPasswordViolationResetType    
00002473  SysCtl_enableGlitchFilter                  
0000247f  SysCtl_disableGlitchFilter                 
0000248b  SysCtl_getTempCalibrationConstant          
000024d1  main                                       
00002523  EUSCIB2_IRQHandler                         
00002523  EUSCIB2_IRQHandler                         
00002645  WDT_A_holdTimer                            
00002665  WDT_A_startTimer                           
00002685  WDT_A_clearTimer                           
000026a5  WDT_A_initWatchdogTimer                    
000026c1  WDT_A_initIntervalTimer                    
000026dd  WDT_A_setPasswordViolationReset            
000026e9  WDT_A_setTimeoutReset                      
000026f5  WDT_A_registerInterrupt                    
00002709  WDT_A_unregisterInterrupt                  
0000271d  __aeabi_memcpy                             
0000271d  __aeabi_memcpy4                            
0000271d  __aeabi_memcpy8                            
0000271d  memcpy                                     
000027b9  __TI_decompress_lzss                       
00002821  __TI_auto_init_nobinit_nopinit             
00002865  CPU_cpsid                                  
00002871  CPU_primask                                
0000287b  CPU_cpsie                                  
00002887  CPU_wfi                                    
0000288b  CPU_basepriSet                             
00002899  CPU_basepriGet                             
000028a5  _c_int00_noargs                            
000028d9  __TI_zero_init_nomemset                    
000028f5  __TI_decompress_none                       
00002903  Reset_Handler                              
0000290f  ADC14_IRQHandler                           
0000290f  AES256_IRQHandler                          
0000290f  BusFault_Handler                           
0000290f  COMP_E0_IRQHandler                         
0000290f  COMP_E1_IRQHandler                         
0000290f  CS_IRQHandler                              
0000290f  DMA_ERR_IRQHandler                         
0000290f  DMA_INT0_IRQHandler                        
0000290f  DMA_INT1_IRQHandler                        
0000290f  DMA_INT2_IRQHandler                        
0000290f  DMA_INT3_IRQHandler                        
0000290f  DebugMon_Handler                           
0000290f  Default_Handler                            
0000290f  EUSCIA0_IRQHandler                         
0000290f  EUSCIA1_IRQHandler                         
0000290f  EUSCIA2_IRQHandler                         
0000290f  EUSCIA3_IRQHandler                         
0000290f  EUSCIB0_IRQHandler                         
0000290f  EUSCIB1_IRQHandler                         
0000290f  EUSCIB3_IRQHandler                         
0000290f  FLCTL_IRQHandler                           
0000290f  FPU_IRQHandler                             
0000290f  HardFault_Handler                          
0000290f  MemManage_Handler                          
0000290f  NMI_Handler                                
0000290f  PCM_IRQHandler                             
0000290f  PORT1_IRQHandler                           
0000290f  PORT2_IRQHandler                           
0000290f  PORT3_IRQHandler                           
0000290f  PORT4_IRQHandler                           
0000290f  PORT5_IRQHandler                           
0000290f  PORT6_IRQHandler                           
0000290f  PSS_IRQHandler                             
0000290f  PendSV_Handler                             
0000290f  RTC_C_IRQHandler                           
0000290f  SVC_Handler                                
0000290f  SysTick_Handler                            
0000290f  T32_INT1_IRQHandler                        
0000290f  T32_INT2_IRQHandler                        
0000290f  T32_INTC_IRQHandler                        
0000290f  TA0_0_IRQHandler                           
0000290f  TA0_N_IRQHandler                           
0000290f  TA1_0_IRQHandler                           
0000290f  TA1_N_IRQHandler                           
0000290f  TA2_0_IRQHandler                           
0000290f  TA2_N_IRQHandler                           
0000290f  TA3_0_IRQHandler                           
0000290f  TA3_N_IRQHandler                           
0000290f  UsageFault_Handler                         
0000290f  WDT_A_IRQHandler                           
00002911  _system_pre_init                           
00002915  C$$EXIT                                    
00002915  abort                                      
000029a4  spiMasterConfig                            
00002a18  __TI_Handler_Table_Base                    
00002a24  __TI_Handler_Table_Limit                   
00002a38  __TI_CINIT_Base                            
00002a50  __TI_CINIT_Limit                           
20000000  __start___llvm_prf_cnts                    
20000000  __stop___llvm_prf_cnts                     
20000000  g_pfnRAMVectors                            
20000114  fifo_ECG                                   
20000115  fifo_BioZ                                  
20000116  ECG_etag                                   
20000117  ECG_ptag                                   
20000118  ECG_SVD                                    
2000011c  BioZ_SVD                                   
20000120  SystemCoreClock                            
20000124  DataEcg                                    
2000fe00  __stack                                    
20010000  __STACK_END                                
4000480c  WDTCTL_SYM                                 
ffffffff  __TI_pprof_out_hndl                        
ffffffff  __TI_prof_data_size                        
ffffffff  __TI_prof_data_start                       
ffffffff  __binit__                                  
ffffffff  __c_args__                                 
ffffffff  binit                                      
UNDEFED   __mpu_init                                 
UNDEFED   _system_post_cinit                         

[268 symbols]
