<?xml version="1.0" encoding="ISO-8859-1" ?>
<link_info>
   <banner>TI ARM Linker PC v20.2.5.LTS</banner>
   <copyright>Copyright (c) 1996-2018 Texas Instruments Incorporated</copyright>
   <link_time>0x624eedd0</link_time>
   <link_errors>0x0</link_errors>
   <output_file>SPI MASTER DriverLib.out</output_file>
   <entry_point>
      <name>_c_int00_noargs</name>
      <address>0x28a5</address>
   </entry_point>
   <input_file_list>
      <input_file id="fl-2">
         <path>.\</path>
         <kind>object</kind>
         <file>adc14.obj</file>
         <name>adc14.obj</name>
      </input_file>
      <input_file id="fl-3">
         <path>.\</path>
         <kind>object</kind>
         <file>aes256.obj</file>
         <name>aes256.obj</name>
      </input_file>
      <input_file id="fl-4">
         <path>.\</path>
         <kind>object</kind>
         <file>comp_e.obj</file>
         <name>comp_e.obj</name>
      </input_file>
      <input_file id="fl-5">
         <path>.\</path>
         <kind>object</kind>
         <file>cpu.obj</file>
         <name>cpu.obj</name>
      </input_file>
      <input_file id="fl-6">
         <path>.\</path>
         <kind>object</kind>
         <file>crc32.obj</file>
         <name>crc32.obj</name>
      </input_file>
      <input_file id="fl-7">
         <path>.\</path>
         <kind>object</kind>
         <file>cs.obj</file>
         <name>cs.obj</name>
      </input_file>
      <input_file id="fl-8">
         <path>.\</path>
         <kind>object</kind>
         <file>dma.obj</file>
         <name>dma.obj</name>
      </input_file>
      <input_file id="fl-9">
         <path>.\</path>
         <kind>object</kind>
         <file>flash.obj</file>
         <name>flash.obj</name>
      </input_file>
      <input_file id="fl-a">
         <path>.\</path>
         <kind>object</kind>
         <file>fpu.obj</file>
         <name>fpu.obj</name>
      </input_file>
      <input_file id="fl-b">
         <path>.\</path>
         <kind>object</kind>
         <file>gpio.obj</file>
         <name>gpio.obj</name>
      </input_file>
      <input_file id="fl-c">
         <path>.\</path>
         <kind>object</kind>
         <file>i2c.obj</file>
         <name>i2c.obj</name>
      </input_file>
      <input_file id="fl-d">
         <path>.\</path>
         <kind>object</kind>
         <file>interrupt.obj</file>
         <name>interrupt.obj</name>
      </input_file>
      <input_file id="fl-e">
         <path>.\</path>
         <kind>object</kind>
         <file>main.obj</file>
         <name>main.obj</name>
      </input_file>
      <input_file id="fl-f">
         <path>.\</path>
         <kind>object</kind>
         <file>mpu.obj</file>
         <name>mpu.obj</name>
      </input_file>
      <input_file id="fl-10">
         <path>.\</path>
         <kind>object</kind>
         <file>pcm.obj</file>
         <name>pcm.obj</name>
      </input_file>
      <input_file id="fl-11">
         <path>.\</path>
         <kind>object</kind>
         <file>pmap.obj</file>
         <name>pmap.obj</name>
      </input_file>
      <input_file id="fl-12">
         <path>.\</path>
         <kind>object</kind>
         <file>pss.obj</file>
         <name>pss.obj</name>
      </input_file>
      <input_file id="fl-13">
         <path>.\</path>
         <kind>object</kind>
         <file>ref_a.obj</file>
         <name>ref_a.obj</name>
      </input_file>
      <input_file id="fl-14">
         <path>.\</path>
         <kind>object</kind>
         <file>reset.obj</file>
         <name>reset.obj</name>
      </input_file>
      <input_file id="fl-15">
         <path>.\</path>
         <kind>object</kind>
         <file>rtc_c.obj</file>
         <name>rtc_c.obj</name>
      </input_file>
      <input_file id="fl-16">
         <path>.\</path>
         <kind>object</kind>
         <file>spi.obj</file>
         <name>spi.obj</name>
      </input_file>
      <input_file id="fl-17">
         <path>.\</path>
         <kind>object</kind>
         <file>startup_msp432p401r_ccs.obj</file>
         <name>startup_msp432p401r_ccs.obj</name>
      </input_file>
      <input_file id="fl-18">
         <path>.\</path>
         <kind>object</kind>
         <file>sysctl.obj</file>
         <name>sysctl.obj</name>
      </input_file>
      <input_file id="fl-19">
         <path>.\</path>
         <kind>object</kind>
         <file>system_msp432p401r.obj</file>
         <name>system_msp432p401r.obj</name>
      </input_file>
      <input_file id="fl-1a">
         <path>.\</path>
         <kind>object</kind>
         <file>systick.obj</file>
         <name>systick.obj</name>
      </input_file>
      <input_file id="fl-1b">
         <path>.\</path>
         <kind>object</kind>
         <file>timer32.obj</file>
         <name>timer32.obj</name>
      </input_file>
      <input_file id="fl-1c">
         <path>.\</path>
         <kind>object</kind>
         <file>timer_a.obj</file>
         <name>timer_a.obj</name>
      </input_file>
      <input_file id="fl-1d">
         <path>.\</path>
         <kind>object</kind>
         <file>uart.obj</file>
         <name>uart.obj</name>
      </input_file>
      <input_file id="fl-1e">
         <path>.\</path>
         <kind>object</kind>
         <file>wdt_a.obj</file>
         <name>wdt_a.obj</name>
      </input_file>
      <input_file id="fl-26">
         <kind>object</kind>
         <file>&lt;internal&gt;</file>
         <name>&lt;internal&gt;</name>
      </input_file>
      <input_file id="fl-dc">
         <path>C:\ti\ccs1040\ccs\tools\compiler\ti-cgt-arm_20.2.5.LTS\lib\</path>
         <kind>archive</kind>
         <file>rtsv7M4_T_le_v4SPD16_eabi.lib</file>
         <name>copy_zero_init.c.obj</name>
      </input_file>
      <input_file id="fl-dd">
         <path>C:\ti\ccs1040\ccs\tools\compiler\ti-cgt-arm_20.2.5.LTS\lib\</path>
         <kind>archive</kind>
         <file>rtsv7M4_T_le_v4SPD16_eabi.lib</file>
         <name>copy_decompress_none.c.obj</name>
      </input_file>
      <input_file id="fl-de">
         <path>C:\ti\ccs1040\ccs\tools\compiler\ti-cgt-arm_20.2.5.LTS\lib\</path>
         <kind>archive</kind>
         <file>rtsv7M4_T_le_v4SPD16_eabi.lib</file>
         <name>copy_decompress_lzss.c.obj</name>
      </input_file>
      <input_file id="fl-df">
         <path>C:\ti\ccs1040\ccs\tools\compiler\ti-cgt-arm_20.2.5.LTS\lib\</path>
         <kind>archive</kind>
         <file>rtsv7M4_T_le_v4SPD16_eabi.lib</file>
         <name>boot_cortex_m.c.obj</name>
      </input_file>
      <input_file id="fl-e0">
         <path>C:\ti\ccs1040\ccs\tools\compiler\ti-cgt-arm_20.2.5.LTS\lib\</path>
         <kind>archive</kind>
         <file>rtsv7M4_T_le_v4SPD16_eabi.lib</file>
         <name>memcpy_t2.asm.obj</name>
      </input_file>
      <input_file id="fl-e1">
         <path>C:\ti\ccs1040\ccs\tools\compiler\ti-cgt-arm_20.2.5.LTS\lib\</path>
         <kind>archive</kind>
         <file>rtsv7M4_T_le_v4SPD16_eabi.lib</file>
         <name>memset_t2.asm.obj</name>
      </input_file>
      <input_file id="fl-e2">
         <path>C:\ti\ccs1040\ccs\tools\compiler\ti-cgt-arm_20.2.5.LTS\lib\</path>
         <kind>archive</kind>
         <file>rtsv7M4_T_le_v4SPD16_eabi.lib</file>
         <name>autoinit.c.obj</name>
      </input_file>
      <input_file id="fl-e3">
         <path>C:\ti\ccs1040\ccs\tools\compiler\ti-cgt-arm_20.2.5.LTS\lib\</path>
         <kind>archive</kind>
         <file>rtsv7M4_T_le_v4SPD16_eabi.lib</file>
         <name>pre_init.c.obj</name>
      </input_file>
      <input_file id="fl-e4">
         <path>C:\ti\ccs1040\ccs\tools\compiler\ti-cgt-arm_20.2.5.LTS\lib\</path>
         <kind>archive</kind>
         <file>rtsv7M4_T_le_v4SPD16_eabi.lib</file>
         <name>cpy_tbl.c.obj</name>
      </input_file>
      <input_file id="fl-e5">
         <path>C:\ti\ccs1040\ccs\tools\compiler\ti-cgt-arm_20.2.5.LTS\lib\</path>
         <kind>archive</kind>
         <file>rtsv7M4_T_le_v4SPD16_eabi.lib</file>
         <name>exit.c.obj</name>
      </input_file>
      <input_file id="fl-e6">
         <path>C:\ti\ccs1040\ccs\tools\compiler\ti-cgt-arm_20.2.5.LTS\lib\</path>
         <kind>archive</kind>
         <file>rtsv7M4_T_le_v4SPD16_eabi.lib</file>
         <name>_lock.c.obj</name>
      </input_file>
      <input_file id="fl-e7">
         <path>C:\ti\ccs1040\ccs\tools\compiler\ti-cgt-arm_20.2.5.LTS\lib\</path>
         <kind>archive</kind>
         <file>rtsv7M4_T_le_v4SPD16_eabi.lib</file>
         <name>args_main.c.obj</name>
      </input_file>
   </input_file_list>
   <object_component_list>
      <object_component id="oc-26">
         <name>.intvecs:retain</name>
         <load_address>0x0</load_address>
         <run_address>0x0</run_address>
         <size>0xe4</size>
         <input_file_ref idref="fl-17"/>
      </object_component>
      <object_component id="oc-b8">
         <name>.text</name>
         <load_address>0xe4</load_address>
         <run_address>0xe4</run_address>
         <size>0x8a4</size>
         <input_file_ref idref="fl-16"/>
      </object_component>
      <object_component id="oc-c4">
         <name>.text</name>
         <load_address>0x988</load_address>
         <run_address>0x988</run_address>
         <size>0x838</size>
         <input_file_ref idref="fl-10"/>
      </object_component>
      <object_component id="oc-16b">
         <name>.text</name>
         <load_address>0x11c0</load_address>
         <run_address>0x11c0</run_address>
         <size>0x508</size>
         <input_file_ref idref="fl-15"/>
      </object_component>
      <object_component id="oc-b2">
         <name>.text</name>
         <load_address>0x16c8</load_address>
         <run_address>0x16c8</run_address>
         <size>0x480</size>
         <input_file_ref idref="fl-b"/>
      </object_component>
      <object_component id="oc-be">
         <name>.text</name>
         <load_address>0x1b48</load_address>
         <run_address>0x1b48</run_address>
         <size>0x3f0</size>
         <input_file_ref idref="fl-d"/>
      </object_component>
      <object_component id="oc-a5">
         <name>.text</name>
         <load_address>0x1f38</load_address>
         <run_address>0x1f38</run_address>
         <size>0x354</size>
         <input_file_ref idref="fl-19"/>
      </object_component>
      <object_component id="oc-137">
         <name>.text</name>
         <load_address>0x228c</load_address>
         <run_address>0x228c</run_address>
         <size>0x244</size>
         <input_file_ref idref="fl-18"/>
      </object_component>
      <object_component id="oc-6d">
         <name>.text</name>
         <load_address>0x24d0</load_address>
         <run_address>0x24d0</run_address>
         <size>0x174</size>
         <input_file_ref idref="fl-e"/>
      </object_component>
      <object_component id="oc-ac">
         <name>.text</name>
         <load_address>0x2644</load_address>
         <run_address>0x2644</run_address>
         <size>0xd8</size>
         <input_file_ref idref="fl-1e"/>
      </object_component>
      <object_component id="oc-37">
         <name>.text</name>
         <load_address>0x271c</load_address>
         <run_address>0x271c</run_address>
         <size>0x9c</size>
         <input_file_ref idref="fl-e0"/>
      </object_component>
      <object_component id="oc-17">
         <name>.text:decompress:lzss:__TI_decompress_lzss</name>
         <load_address>0x27b8</load_address>
         <run_address>0x27b8</run_address>
         <size>0x68</size>
         <input_file_ref idref="fl-de"/>
      </object_component>
      <object_component id="oc-101">
         <name>.text:__TI_auto_init_nobinit_nopinit:__TI_auto_init_nobinit_nopinit</name>
         <load_address>0x2820</load_address>
         <run_address>0x2820</run_address>
         <size>0x44</size>
         <input_file_ref idref="fl-e2"/>
      </object_component>
      <object_component id="oc-14e">
         <name>.text</name>
         <load_address>0x2864</load_address>
         <run_address>0x2864</run_address>
         <size>0x3e</size>
         <input_file_ref idref="fl-5"/>
      </object_component>
      <object_component id="oc-55">
         <name>.text:_c_int00_noargs:_c_int00_noargs</name>
         <load_address>0x28a4</load_address>
         <run_address>0x28a4</run_address>
         <size>0x34</size>
         <input_file_ref idref="fl-df"/>
      </object_component>
      <object_component id="oc-43">
         <name>.text:decompress:ZI:__TI_zero_init_nomemset:__TI_zero_init_nomemset</name>
         <load_address>0x28d8</load_address>
         <run_address>0x28d8</run_address>
         <size>0x1c</size>
         <input_file_ref idref="fl-dc"/>
      </object_component>
      <object_component id="oc-1d">
         <name>.text:decompress:none:__TI_decompress_none</name>
         <load_address>0x28f4</load_address>
         <run_address>0x28f4</run_address>
         <size>0xe</size>
         <input_file_ref idref="fl-dd"/>
      </object_component>
      <object_component id="oc-67">
         <name>.text</name>
         <load_address>0x2902</load_address>
         <run_address>0x2902</run_address>
         <size>0xe</size>
         <input_file_ref idref="fl-17"/>
      </object_component>
      <object_component id="oc-93">
         <name>.text:_system_pre_init</name>
         <load_address>0x2910</load_address>
         <run_address>0x2910</run_address>
         <size>0x4</size>
         <input_file_ref idref="fl-e3"/>
      </object_component>
      <object_component id="oc-f5">
         <name>.text:abort:abort</name>
         <load_address>0x2914</load_address>
         <run_address>0x2914</run_address>
         <size>0x4</size>
         <input_file_ref idref="fl-e5"/>
      </object_component>
      <object_component id="oc-15a">
         <name>.const:g_pulRegs</name>
         <load_address>0x2918</load_address>
         <run_address>0x2918</run_address>
         <size>0x50</size>
         <input_file_ref idref="fl-d"/>
      </object_component>
      <object_component id="oc-157">
         <name>.const:g_pulPriority</name>
         <load_address>0x2968</load_address>
         <run_address>0x2968</run_address>
         <size>0x20</size>
         <input_file_ref idref="fl-d"/>
      </object_component>
      <object_component id="oc-147">
         <name>.const:GPIO_PORT_TO_INT</name>
         <load_address>0x2988</load_address>
         <run_address>0x2988</run_address>
         <size>0x1c</size>
         <input_file_ref idref="fl-b"/>
      </object_component>
      <object_component id="oc-ca">
         <name>.const:spiMasterConfig</name>
         <load_address>0x29a4</load_address>
         <run_address>0x29a4</run_address>
         <size>0x1c</size>
         <input_file_ref idref="fl-e"/>
      </object_component>
      <object_component id="oc-160">
         <name>.const:g_pulDisRegs</name>
         <load_address>0x29c0</load_address>
         <run_address>0x29c0</run_address>
         <size>0x8</size>
         <input_file_ref idref="fl-d"/>
      </object_component>
      <object_component id="oc-15d">
         <name>.const:g_pulEnRegs</name>
         <load_address>0x29c8</load_address>
         <run_address>0x29c8</run_address>
         <size>0x8</size>
         <input_file_ref idref="fl-d"/>
      </object_component>
      <object_component id="oc-163">
         <name>.const:g_pulPendRegs</name>
         <load_address>0x29d0</load_address>
         <run_address>0x29d0</run_address>
         <size>0x8</size>
         <input_file_ref idref="fl-d"/>
      </object_component>
      <object_component id="oc-166">
         <name>.const:g_pulUnpendRegs</name>
         <load_address>0x29d8</load_address>
         <run_address>0x29d8</run_address>
         <size>0x8</size>
         <input_file_ref idref="fl-d"/>
      </object_component>
      <object_component id="oc-23e">
         <name>.cinit..data.load</name>
         <load_address>0x29e0</load_address>
         <run_address>0x29e0</run_address>
         <size>0x35</size>
      </object_component>
      <object_component id="oc-23b">
         <name>__TI_handler_table</name>
         <load_address>0x2a18</load_address>
         <run_address>0x2a18</run_address>
         <size>0xc</size>
      </object_component>
      <object_component id="oc-23f">
         <name>.cinit..bss.load</name>
         <load_address>0x2a28</load_address>
         <run_address>0x2a28</run_address>
         <size>0x8</size>
      </object_component>
      <object_component id="oc-23d">
         <name>.cinit..vtable.load</name>
         <load_address>0x2a30</load_address>
         <run_address>0x2a30</run_address>
         <size>0x8</size>
      </object_component>
      <object_component id="oc-23c">
         <name>__TI_cinit_table</name>
         <load_address>0x2a38</load_address>
         <run_address>0x2a38</run_address>
         <size>0x18</size>
      </object_component>
      <object_component id="oc-20f">
         <name>.binit</name>
         <load_address>0x0</load_address>
         <run_address>0x0</run_address>
         <size>0x0</size>
      </object_component>
      <object_component id="oc-154">
         <name>.vtable</name>
         <uninitialized>true</uninitialized>
         <run_address>0x20000000</run_address>
         <size>0xe4</size>
         <input_file_ref idref="fl-d"/>
      </object_component>
      <object_component id="oc-144">
         <name>.data:GPIO_PORT_TO_BASE</name>
         <load_address>0x200000e4</load_address>
         <run_address>0x200000e4</run_address>
         <size>0x30</size>
         <input_file_ref idref="fl-b"/>
      </object_component>
      <object_component id="oc-cd">
         <name>.data</name>
         <load_address>0x20000114</load_address>
         <run_address>0x20000114</run_address>
         <size>0xc</size>
         <input_file_ref idref="fl-e"/>
      </object_component>
      <object_component id="oc-133">
         <name>.data</name>
         <load_address>0x20000120</load_address>
         <run_address>0x20000120</run_address>
         <size>0x4</size>
         <input_file_ref idref="fl-19"/>
      </object_component>
      <object_component id="oc-d0">
         <name>.common:DataEcg</name>
         <uninitialized>true</uninitialized>
         <run_address>0x20000124</run_address>
         <size>0x4</size>
      </object_component>
      <object_component id="oc-29">
         <name>.stack</name>
         <uninitialized>true</uninitialized>
         <run_address>0x2000fe00</run_address>
         <size>0x4</size>
         <input_file_ref idref="fl-df"/>
      </object_component>
      <object_component id="oc-241">
         <name>.stack</name>
         <uninitialized>true</uninitialized>
         <run_address>0x2000fe00</run_address>
         <size>0x0</size>
      </object_component>
      <object_component id="oc-18d">
         <name>.debug_info</name>
         <load_address>0x0</load_address>
         <run_address>0x0</run_address>
         <size>0x681</size>
         <input_file_ref idref="fl-2"/>
      </object_component>
      <object_component id="oc-179">
         <name>.debug_info</name>
         <load_address>0x681</load_address>
         <run_address>0x681</run_address>
         <size>0x37e2</size>
         <input_file_ref idref="fl-2"/>
      </object_component>
      <object_component id="oc-e0">
         <name>.debug_info</name>
         <load_address>0x3e63</load_address>
         <run_address>0x3e63</run_address>
         <size>0x26b</size>
         <input_file_ref idref="fl-2"/>
      </object_component>
      <object_component id="oc-17e">
         <name>.debug_info</name>
         <load_address>0x40ce</load_address>
         <run_address>0x40ce</run_address>
         <size>0x1055</size>
         <input_file_ref idref="fl-2"/>
      </object_component>
      <object_component id="oc-d4">
         <name>.debug_info</name>
         <load_address>0x5123</load_address>
         <run_address>0x5123</run_address>
         <size>0x8b</size>
         <input_file_ref idref="fl-2"/>
      </object_component>
      <object_component id="oc-188">
         <name>.debug_info</name>
         <load_address>0x51ae</load_address>
         <run_address>0x51ae</run_address>
         <size>0x2a4</size>
         <input_file_ref idref="fl-2"/>
      </object_component>
      <object_component id="oc-13e">
         <name>.debug_info</name>
         <load_address>0x5452</load_address>
         <run_address>0x5452</run_address>
         <size>0xef</size>
         <input_file_ref idref="fl-2"/>
      </object_component>
      <object_component id="oc-d9">
         <name>.debug_info</name>
         <load_address>0x5541</load_address>
         <run_address>0x5541</run_address>
         <size>0xbb</size>
         <input_file_ref idref="fl-2"/>
      </object_component>
      <object_component id="oc-14f">
         <name>.debug_info</name>
         <load_address>0x55fc</load_address>
         <run_address>0x55fc</run_address>
         <size>0x2b8</size>
         <input_file_ref idref="fl-5"/>
      </object_component>
      <object_component id="oc-32">
         <name>.debug_info</name>
         <load_address>0x58b4</load_address>
         <run_address>0x58b4</run_address>
         <size>0x84</size>
         <input_file_ref idref="fl-5"/>
      </object_component>
      <object_component id="oc-14b">
         <name>.debug_info</name>
         <load_address>0x5938</load_address>
         <run_address>0x5938</run_address>
         <size>0x67c</size>
         <input_file_ref idref="fl-b"/>
      </object_component>
      <object_component id="oc-148">
         <name>.debug_info</name>
         <load_address>0x5fb4</load_address>
         <run_address>0x5fb4</run_address>
         <size>0xe6</size>
         <input_file_ref idref="fl-b"/>
      </object_component>
      <object_component id="oc-145">
         <name>.debug_info</name>
         <load_address>0x609a</load_address>
         <run_address>0x609a</run_address>
         <size>0xe8</size>
         <input_file_ref idref="fl-b"/>
      </object_component>
      <object_component id="oc-b3">
         <name>.debug_info</name>
         <load_address>0x6182</load_address>
         <run_address>0x6182</run_address>
         <size>0x16a1</size>
         <input_file_ref idref="fl-b"/>
      </object_component>
      <object_component id="oc-16a">
         <name>.debug_info</name>
         <load_address>0x7823</load_address>
         <run_address>0x7823</run_address>
         <size>0x60a</size>
         <input_file_ref idref="fl-d"/>
      </object_component>
      <object_component id="oc-158">
         <name>.debug_info</name>
         <load_address>0x7e2d</load_address>
         <run_address>0x7e2d</run_address>
         <size>0xe5</size>
         <input_file_ref idref="fl-d"/>
      </object_component>
      <object_component id="oc-15b">
         <name>.debug_info</name>
         <load_address>0x7f12</load_address>
         <run_address>0x7f12</run_address>
         <size>0xdd</size>
         <input_file_ref idref="fl-d"/>
      </object_component>
      <object_component id="oc-15e">
         <name>.debug_info</name>
         <load_address>0x7fef</load_address>
         <run_address>0x7fef</run_address>
         <size>0xe1</size>
         <input_file_ref idref="fl-d"/>
      </object_component>
      <object_component id="oc-161">
         <name>.debug_info</name>
         <load_address>0x80d0</load_address>
         <run_address>0x80d0</run_address>
         <size>0xe3</size>
         <input_file_ref idref="fl-d"/>
      </object_component>
      <object_component id="oc-164">
         <name>.debug_info</name>
         <load_address>0x81b3</load_address>
         <run_address>0x81b3</run_address>
         <size>0xe5</size>
         <input_file_ref idref="fl-d"/>
      </object_component>
      <object_component id="oc-167">
         <name>.debug_info</name>
         <load_address>0x8298</load_address>
         <run_address>0x8298</run_address>
         <size>0xe9</size>
         <input_file_ref idref="fl-d"/>
      </object_component>
      <object_component id="oc-155">
         <name>.debug_info</name>
         <load_address>0x8381</load_address>
         <run_address>0x8381</run_address>
         <size>0xea</size>
         <input_file_ref idref="fl-d"/>
      </object_component>
      <object_component id="oc-bf">
         <name>.debug_info</name>
         <load_address>0x846b</load_address>
         <run_address>0x846b</run_address>
         <size>0xe45</size>
         <input_file_ref idref="fl-d"/>
      </object_component>
      <object_component id="oc-d1">
         <name>.debug_info</name>
         <load_address>0x92b0</load_address>
         <run_address>0x92b0</run_address>
         <size>0x9f4</size>
         <input_file_ref idref="fl-e"/>
      </object_component>
      <object_component id="oc-ce">
         <name>.debug_info</name>
         <load_address>0x9ca4</load_address>
         <run_address>0x9ca4</run_address>
         <size>0x17c</size>
         <input_file_ref idref="fl-e"/>
      </object_component>
      <object_component id="oc-cb">
         <name>.debug_info</name>
         <load_address>0x9e20</load_address>
         <run_address>0x9e20</run_address>
         <size>0xe5</size>
         <input_file_ref idref="fl-e"/>
      </object_component>
      <object_component id="oc-6e">
         <name>.debug_info</name>
         <load_address>0x9f05</load_address>
         <run_address>0x9f05</run_address>
         <size>0x401</size>
         <input_file_ref idref="fl-e"/>
      </object_component>
      <object_component id="oc-1cf">
         <name>.debug_info</name>
         <load_address>0xa306</load_address>
         <run_address>0xa306</run_address>
         <size>0xc6</size>
         <input_file_ref idref="fl-e"/>
      </object_component>
      <object_component id="oc-183">
         <name>.debug_info</name>
         <load_address>0xa3cc</load_address>
         <run_address>0xa3cc</run_address>
         <size>0x131</size>
         <input_file_ref idref="fl-e"/>
      </object_component>
      <object_component id="oc-172">
         <name>.debug_info</name>
         <load_address>0xa4fd</load_address>
         <run_address>0xa4fd</run_address>
         <size>0x72e</size>
         <input_file_ref idref="fl-10"/>
      </object_component>
      <object_component id="oc-c5">
         <name>.debug_info</name>
         <load_address>0xac2b</load_address>
         <run_address>0xac2b</run_address>
         <size>0x1e66</size>
         <input_file_ref idref="fl-10"/>
      </object_component>
      <object_component id="oc-1ce">
         <name>.debug_info</name>
         <load_address>0xca91</load_address>
         <run_address>0xca91</run_address>
         <size>0x667</size>
         <input_file_ref idref="fl-15"/>
      </object_component>
      <object_component id="oc-16c">
         <name>.debug_info</name>
         <load_address>0xd0f8</load_address>
         <run_address>0xd0f8</run_address>
         <size>0x10ec</size>
         <input_file_ref idref="fl-15"/>
      </object_component>
      <object_component id="oc-14d">
         <name>.debug_info</name>
         <load_address>0xe1e4</load_address>
         <run_address>0xe1e4</run_address>
         <size>0x670</size>
         <input_file_ref idref="fl-16"/>
      </object_component>
      <object_component id="oc-ba">
         <name>.debug_info</name>
         <load_address>0xe854</load_address>
         <run_address>0xe854</run_address>
         <size>0x3521</size>
         <input_file_ref idref="fl-16"/>
      </object_component>
      <object_component id="oc-75">
         <name>.debug_info</name>
         <load_address>0x11d75</load_address>
         <run_address>0x11d75</run_address>
         <size>0x2ce</size>
         <input_file_ref idref="fl-17"/>
      </object_component>
      <object_component id="oc-27">
         <name>.debug_info</name>
         <load_address>0x12043</load_address>
         <run_address>0x12043</run_address>
         <size>0xfa</size>
         <input_file_ref idref="fl-17"/>
      </object_component>
      <object_component id="oc-68">
         <name>.debug_info</name>
         <load_address>0x1213d</load_address>
         <run_address>0x1213d</run_address>
         <size>0x1c1</size>
         <input_file_ref idref="fl-17"/>
      </object_component>
      <object_component id="oc-1b1">
         <name>.debug_info</name>
         <load_address>0x122fe</load_address>
         <run_address>0x122fe</run_address>
         <size>0x542</size>
         <input_file_ref idref="fl-18"/>
      </object_component>
      <object_component id="oc-138">
         <name>.debug_info</name>
         <load_address>0x12840</load_address>
         <run_address>0x12840</run_address>
         <size>0xb98</size>
         <input_file_ref idref="fl-18"/>
      </object_component>
      <object_component id="oc-134">
         <name>.debug_info</name>
         <load_address>0x133d8</load_address>
         <run_address>0x133d8</run_address>
         <size>0xf3</size>
         <input_file_ref idref="fl-19"/>
      </object_component>
      <object_component id="oc-a6">
         <name>.debug_info</name>
         <load_address>0x134cb</load_address>
         <run_address>0x134cb</run_address>
         <size>0x265</size>
         <input_file_ref idref="fl-19"/>
      </object_component>
      <object_component id="oc-143">
         <name>.debug_info</name>
         <load_address>0x13730</load_address>
         <run_address>0x13730</run_address>
         <size>0x70a</size>
         <input_file_ref idref="fl-1e"/>
      </object_component>
      <object_component id="oc-af">
         <name>.debug_info</name>
         <load_address>0x13e3a</load_address>
         <run_address>0x13e3a</run_address>
         <size>0x722</size>
         <input_file_ref idref="fl-1e"/>
      </object_component>
      <object_component id="oc-8c">
         <name>.debug_info</name>
         <load_address>0x1455c</load_address>
         <run_address>0x1455c</run_address>
         <size>0x2d4</size>
         <input_file_ref idref="fl-dc"/>
      </object_component>
      <object_component id="oc-44">
         <name>.debug_info</name>
         <load_address>0x14830</load_address>
         <run_address>0x14830</run_address>
         <size>0x1d2</size>
         <input_file_ref idref="fl-dc"/>
      </object_component>
      <object_component id="oc-87">
         <name>.debug_info</name>
         <load_address>0x14a02</load_address>
         <run_address>0x14a02</run_address>
         <size>0x46</size>
         <input_file_ref idref="fl-dc"/>
      </object_component>
      <object_component id="oc-ec">
         <name>.debug_info</name>
         <load_address>0x14a48</load_address>
         <run_address>0x14a48</run_address>
         <size>0x2c</size>
         <input_file_ref idref="fl-dc"/>
      </object_component>
      <object_component id="oc-42">
         <name>.debug_info</name>
         <load_address>0x14a74</load_address>
         <run_address>0x14a74</run_address>
         <size>0x2a8</size>
         <input_file_ref idref="fl-dd"/>
      </object_component>
      <object_component id="oc-20">
         <name>.debug_info</name>
         <load_address>0x14d1c</load_address>
         <run_address>0x14d1c</run_address>
         <size>0x1ea</size>
         <input_file_ref idref="fl-dd"/>
      </object_component>
      <object_component id="oc-3d">
         <name>.debug_info</name>
         <load_address>0x14f06</load_address>
         <run_address>0x14f06</run_address>
         <size>0x46</size>
         <input_file_ref idref="fl-dd"/>
      </object_component>
      <object_component id="oc-7f">
         <name>.debug_info</name>
         <load_address>0x14f4c</load_address>
         <run_address>0x14f4c</run_address>
         <size>0x2c</size>
         <input_file_ref idref="fl-dd"/>
      </object_component>
      <object_component id="oc-7d">
         <name>.debug_info</name>
         <load_address>0x14f78</load_address>
         <run_address>0x14f78</run_address>
         <size>0x29e</size>
         <input_file_ref idref="fl-de"/>
      </object_component>
      <object_component id="oc-1b">
         <name>.debug_info</name>
         <load_address>0x15216</load_address>
         <run_address>0x15216</run_address>
         <size>0x250</size>
         <input_file_ref idref="fl-de"/>
      </object_component>
      <object_component id="oc-2d">
         <name>.debug_info</name>
         <load_address>0x15466</load_address>
         <run_address>0x15466</run_address>
         <size>0x60</size>
         <input_file_ref idref="fl-de"/>
      </object_component>
      <object_component id="oc-e5">
         <name>.debug_info</name>
         <load_address>0x154c6</load_address>
         <run_address>0x154c6</run_address>
         <size>0x46</size>
         <input_file_ref idref="fl-de"/>
      </object_component>
      <object_component id="oc-78">
         <name>.debug_info</name>
         <load_address>0x1550c</load_address>
         <run_address>0x1550c</run_address>
         <size>0x39</size>
         <input_file_ref idref="fl-de"/>
      </object_component>
      <object_component id="oc-2a">
         <name>.debug_info</name>
         <load_address>0x15545</load_address>
         <run_address>0x15545</run_address>
         <size>0x10b</size>
         <input_file_ref idref="fl-df"/>
      </object_component>
      <object_component id="oc-57">
         <name>.debug_info</name>
         <load_address>0x15650</load_address>
         <run_address>0x15650</run_address>
         <size>0x1a9</size>
         <input_file_ref idref="fl-df"/>
      </object_component>
      <object_component id="oc-39">
         <name>.debug_info</name>
         <load_address>0x157f9</load_address>
         <run_address>0x157f9</run_address>
         <size>0x119</size>
         <input_file_ref idref="fl-e0"/>
      </object_component>
      <object_component id="oc-199">
         <name>.debug_info</name>
         <load_address>0x15912</load_address>
         <run_address>0x15912</run_address>
         <size>0x4b3</size>
         <input_file_ref idref="fl-e2"/>
      </object_component>
      <object_component id="oc-103">
         <name>.debug_info</name>
         <load_address>0x15dc5</load_address>
         <run_address>0x15dc5</run_address>
         <size>0x1a6</size>
         <input_file_ref idref="fl-e2"/>
      </object_component>
      <object_component id="oc-1e8">
         <name>.debug_info</name>
         <load_address>0x15f6b</load_address>
         <run_address>0x15f6b</run_address>
         <size>0x39</size>
         <input_file_ref idref="fl-e2"/>
      </object_component>
      <object_component id="oc-200">
         <name>.debug_info</name>
         <load_address>0x15fa4</load_address>
         <run_address>0x15fa4</run_address>
         <size>0x39</size>
         <input_file_ref idref="fl-e2"/>
      </object_component>
      <object_component id="oc-1ed">
         <name>.debug_info</name>
         <load_address>0x15fdd</load_address>
         <run_address>0x15fdd</run_address>
         <size>0x39</size>
         <input_file_ref idref="fl-e2"/>
      </object_component>
      <object_component id="oc-1f2">
         <name>.debug_info</name>
         <load_address>0x16016</load_address>
         <run_address>0x16016</run_address>
         <size>0xcd</size>
         <input_file_ref idref="fl-e2"/>
      </object_component>
      <object_component id="oc-94">
         <name>.debug_info</name>
         <load_address>0x160e3</load_address>
         <run_address>0x160e3</run_address>
         <size>0x153</size>
         <input_file_ref idref="fl-e3"/>
      </object_component>
      <object_component id="oc-f8">
         <name>.debug_info</name>
         <load_address>0x16236</load_address>
         <run_address>0x16236</run_address>
         <size>0x122</size>
         <input_file_ref idref="fl-e5"/>
      </object_component>
      <object_component id="oc-242">
         <name>.debug_info</name>
         <load_address>0x16358</load_address>
         <run_address>0x16358</run_address>
         <size>0xa6</size>
      </object_component>
      <object_component id="oc-1d7">
         <name>.debug_line</name>
         <load_address>0x0</load_address>
         <run_address>0x0</run_address>
         <size>0x61</size>
         <input_file_ref idref="fl-2"/>
      </object_component>
      <object_component id="oc-17c">
         <name>.debug_line</name>
         <load_address>0x61</load_address>
         <run_address>0x61</run_address>
         <size>0x58</size>
         <input_file_ref idref="fl-2"/>
      </object_component>
      <object_component id="oc-e3">
         <name>.debug_line</name>
         <load_address>0xb9</load_address>
         <run_address>0xb9</run_address>
         <size>0x6f</size>
         <input_file_ref idref="fl-2"/>
      </object_component>
      <object_component id="oc-181">
         <name>.debug_line</name>
         <load_address>0x128</load_address>
         <run_address>0x128</run_address>
         <size>0x5b</size>
         <input_file_ref idref="fl-2"/>
      </object_component>
      <object_component id="oc-d7">
         <name>.debug_line</name>
         <load_address>0x183</load_address>
         <run_address>0x183</run_address>
         <size>0x20</size>
         <input_file_ref idref="fl-2"/>
      </object_component>
      <object_component id="oc-18b">
         <name>.debug_line</name>
         <load_address>0x1a3</load_address>
         <run_address>0x1a3</run_address>
         <size>0x73</size>
         <input_file_ref idref="fl-2"/>
      </object_component>
      <object_component id="oc-141">
         <name>.debug_line</name>
         <load_address>0x216</load_address>
         <run_address>0x216</run_address>
         <size>0x6f</size>
         <input_file_ref idref="fl-2"/>
      </object_component>
      <object_component id="oc-dc">
         <name>.debug_line</name>
         <load_address>0x285</load_address>
         <run_address>0x285</run_address>
         <size>0x70</size>
         <input_file_ref idref="fl-2"/>
      </object_component>
      <object_component id="oc-152">
         <name>.debug_line</name>
         <load_address>0x2f5</load_address>
         <run_address>0x2f5</run_address>
         <size>0xcf</size>
         <input_file_ref idref="fl-5"/>
      </object_component>
      <object_component id="oc-35">
         <name>.debug_line</name>
         <load_address>0x3c4</load_address>
         <run_address>0x3c4</run_address>
         <size>0x20</size>
         <input_file_ref idref="fl-5"/>
      </object_component>
      <object_component id="oc-1b9">
         <name>.debug_line</name>
         <load_address>0x3e4</load_address>
         <run_address>0x3e4</run_address>
         <size>0x61</size>
         <input_file_ref idref="fl-b"/>
      </object_component>
      <object_component id="oc-1b7">
         <name>.debug_line</name>
         <load_address>0x445</load_address>
         <run_address>0x445</run_address>
         <size>0x2d</size>
         <input_file_ref idref="fl-b"/>
      </object_component>
      <object_component id="oc-1b5">
         <name>.debug_line</name>
         <load_address>0x472</load_address>
         <run_address>0x472</run_address>
         <size>0x2d</size>
         <input_file_ref idref="fl-b"/>
      </object_component>
      <object_component id="oc-b6">
         <name>.debug_line</name>
         <load_address>0x49f</load_address>
         <run_address>0x49f</run_address>
         <size>0x2bc</size>
         <input_file_ref idref="fl-b"/>
      </object_component>
      <object_component id="oc-1cc">
         <name>.debug_line</name>
         <load_address>0x75b</load_address>
         <run_address>0x75b</run_address>
         <size>0x5b</size>
         <input_file_ref idref="fl-d"/>
      </object_component>
      <object_component id="oc-1c0">
         <name>.debug_line</name>
         <load_address>0x7b6</load_address>
         <run_address>0x7b6</run_address>
         <size>0x32</size>
         <input_file_ref idref="fl-d"/>
      </object_component>
      <object_component id="oc-1c2">
         <name>.debug_line</name>
         <load_address>0x7e8</load_address>
         <run_address>0x7e8</run_address>
         <size>0x32</size>
         <input_file_ref idref="fl-d"/>
      </object_component>
      <object_component id="oc-1c4">
         <name>.debug_line</name>
         <load_address>0x81a</load_address>
         <run_address>0x81a</run_address>
         <size>0x32</size>
         <input_file_ref idref="fl-d"/>
      </object_component>
      <object_component id="oc-1c6">
         <name>.debug_line</name>
         <load_address>0x84c</load_address>
         <run_address>0x84c</run_address>
         <size>0x32</size>
         <input_file_ref idref="fl-d"/>
      </object_component>
      <object_component id="oc-1c8">
         <name>.debug_line</name>
         <load_address>0x87e</load_address>
         <run_address>0x87e</run_address>
         <size>0x32</size>
         <input_file_ref idref="fl-d"/>
      </object_component>
      <object_component id="oc-1ca">
         <name>.debug_line</name>
         <load_address>0x8b0</load_address>
         <run_address>0x8b0</run_address>
         <size>0x32</size>
         <input_file_ref idref="fl-d"/>
      </object_component>
      <object_component id="oc-1be">
         <name>.debug_line</name>
         <load_address>0x8e2</load_address>
         <run_address>0x8e2</run_address>
         <size>0x32</size>
         <input_file_ref idref="fl-d"/>
      </object_component>
      <object_component id="oc-c3">
         <name>.debug_line</name>
         <load_address>0x914</load_address>
         <run_address>0x914</run_address>
         <size>0x301</size>
         <input_file_ref idref="fl-d"/>
      </object_component>
      <object_component id="oc-178">
         <name>.debug_line</name>
         <load_address>0xc15</load_address>
         <run_address>0xc15</run_address>
         <size>0x15d</size>
         <input_file_ref idref="fl-e"/>
      </object_component>
      <object_component id="oc-176">
         <name>.debug_line</name>
         <load_address>0xd72</load_address>
         <run_address>0xd72</run_address>
         <size>0x2d</size>
         <input_file_ref idref="fl-e"/>
      </object_component>
      <object_component id="oc-174">
         <name>.debug_line</name>
         <load_address>0xd9f</load_address>
         <run_address>0xd9f</run_address>
         <size>0x2d</size>
         <input_file_ref idref="fl-e"/>
      </object_component>
      <object_component id="oc-71">
         <name>.debug_line</name>
         <load_address>0xdcc</load_address>
         <run_address>0xdcc</run_address>
         <size>0xa8</size>
         <input_file_ref idref="fl-e"/>
      </object_component>
      <object_component id="oc-1d2">
         <name>.debug_line</name>
         <load_address>0xe74</load_address>
         <run_address>0xe74</run_address>
         <size>0x5d</size>
         <input_file_ref idref="fl-e"/>
      </object_component>
      <object_component id="oc-186">
         <name>.debug_line</name>
         <load_address>0xed1</load_address>
         <run_address>0xed1</run_address>
         <size>0x5b</size>
         <input_file_ref idref="fl-e"/>
      </object_component>
      <object_component id="oc-1d5">
         <name>.debug_line</name>
         <load_address>0xf2c</load_address>
         <run_address>0xf2c</run_address>
         <size>0x116</size>
         <input_file_ref idref="fl-10"/>
      </object_component>
      <object_component id="oc-c9">
         <name>.debug_line</name>
         <load_address>0x1042</load_address>
         <run_address>0x1042</run_address>
         <size>0x537</size>
         <input_file_ref idref="fl-10"/>
      </object_component>
      <object_component id="oc-1fc">
         <name>.debug_line</name>
         <load_address>0x1579</load_address>
         <run_address>0x1579</run_address>
         <size>0x61</size>
         <input_file_ref idref="fl-15"/>
      </object_component>
      <object_component id="oc-170">
         <name>.debug_line</name>
         <load_address>0x15da</load_address>
         <run_address>0x15da</run_address>
         <size>0x31c</size>
         <input_file_ref idref="fl-15"/>
      </object_component>
      <object_component id="oc-1bb">
         <name>.debug_line</name>
         <load_address>0x18f6</load_address>
         <run_address>0x18f6</run_address>
         <size>0x61</size>
         <input_file_ref idref="fl-16"/>
      </object_component>
      <object_component id="oc-bc">
         <name>.debug_line</name>
         <load_address>0x1957</load_address>
         <run_address>0x1957</run_address>
         <size>0x67c</size>
         <input_file_ref idref="fl-16"/>
      </object_component>
      <object_component id="oc-df">
         <name>.debug_line</name>
         <load_address>0x1fd3</load_address>
         <run_address>0x1fd3</run_address>
         <size>0x40</size>
         <input_file_ref idref="fl-17"/>
      </object_component>
      <object_component id="oc-74">
         <name>.debug_line</name>
         <load_address>0x2013</load_address>
         <run_address>0x2013</run_address>
         <size>0x40</size>
         <input_file_ref idref="fl-17"/>
      </object_component>
      <object_component id="oc-6b">
         <name>.debug_line</name>
         <load_address>0x2053</load_address>
         <run_address>0x2053</run_address>
         <size>0x71</size>
         <input_file_ref idref="fl-17"/>
      </object_component>
      <object_component id="oc-1fa">
         <name>.debug_line</name>
         <load_address>0x20c4</load_address>
         <run_address>0x20c4</run_address>
         <size>0x20</size>
         <input_file_ref idref="fl-18"/>
      </object_component>
      <object_component id="oc-13b">
         <name>.debug_line</name>
         <load_address>0x20e4</load_address>
         <run_address>0x20e4</run_address>
         <size>0x26e</size>
         <input_file_ref idref="fl-18"/>
      </object_component>
      <object_component id="oc-1af">
         <name>.debug_line</name>
         <load_address>0x2352</load_address>
         <run_address>0x2352</run_address>
         <size>0x3b</size>
         <input_file_ref idref="fl-19"/>
      </object_component>
      <object_component id="oc-aa">
         <name>.debug_line</name>
         <load_address>0x238d</load_address>
         <run_address>0x238d</run_address>
         <size>0x13a</size>
         <input_file_ref idref="fl-19"/>
      </object_component>
      <object_component id="oc-1b3">
         <name>.debug_line</name>
         <load_address>0x24c7</load_address>
         <run_address>0x24c7</run_address>
         <size>0x9f</size>
         <input_file_ref idref="fl-1e"/>
      </object_component>
      <object_component id="oc-ae">
         <name>.debug_line</name>
         <load_address>0x2566</load_address>
         <run_address>0x2566</run_address>
         <size>0x126</size>
         <input_file_ref idref="fl-1e"/>
      </object_component>
      <object_component id="oc-f2">
         <name>.debug_line</name>
         <load_address>0x268c</load_address>
         <run_address>0x268c</run_address>
         <size>0x92</size>
         <input_file_ref idref="fl-dc"/>
      </object_component>
      <object_component id="oc-47">
         <name>.debug_line</name>
         <load_address>0x271e</load_address>
         <run_address>0x271e</run_address>
         <size>0x56</size>
         <input_file_ref idref="fl-dc"/>
      </object_component>
      <object_component id="oc-8a">
         <name>.debug_line</name>
         <load_address>0x2774</load_address>
         <run_address>0x2774</run_address>
         <size>0x34</size>
         <input_file_ref idref="fl-dc"/>
      </object_component>
      <object_component id="oc-ef">
         <name>.debug_line</name>
         <load_address>0x27a8</load_address>
         <run_address>0x27a8</run_address>
         <size>0x92</size>
         <input_file_ref idref="fl-dc"/>
      </object_component>
      <object_component id="oc-85">
         <name>.debug_line</name>
         <load_address>0x283a</load_address>
         <run_address>0x283a</run_address>
         <size>0x20</size>
         <input_file_ref idref="fl-dd"/>
      </object_component>
      <object_component id="oc-1f">
         <name>.debug_line</name>
         <load_address>0x285a</load_address>
         <run_address>0x285a</run_address>
         <size>0x55</size>
         <input_file_ref idref="fl-dd"/>
      </object_component>
      <object_component id="oc-40">
         <name>.debug_line</name>
         <load_address>0x28af</load_address>
         <run_address>0x28af</run_address>
         <size>0x3a</size>
         <input_file_ref idref="fl-dd"/>
      </object_component>
      <object_component id="oc-82">
         <name>.debug_line</name>
         <load_address>0x28e9</load_address>
         <run_address>0x28e9</run_address>
         <size>0x92</size>
         <input_file_ref idref="fl-dd"/>
      </object_component>
      <object_component id="oc-eb">
         <name>.debug_line</name>
         <load_address>0x297b</load_address>
         <run_address>0x297b</run_address>
         <size>0x20</size>
         <input_file_ref idref="fl-de"/>
      </object_component>
      <object_component id="oc-19">
         <name>.debug_line</name>
         <load_address>0x299b</load_address>
         <run_address>0x299b</run_address>
         <size>0xa9</size>
         <input_file_ref idref="fl-de"/>
      </object_component>
      <object_component id="oc-30">
         <name>.debug_line</name>
         <load_address>0x2a44</load_address>
         <run_address>0x2a44</run_address>
         <size>0x3a</size>
         <input_file_ref idref="fl-de"/>
      </object_component>
      <object_component id="oc-e8">
         <name>.debug_line</name>
         <load_address>0x2a7e</load_address>
         <run_address>0x2a7e</run_address>
         <size>0x9a</size>
         <input_file_ref idref="fl-de"/>
      </object_component>
      <object_component id="oc-7b">
         <name>.debug_line</name>
         <load_address>0x2b18</load_address>
         <run_address>0x2b18</run_address>
         <size>0x96</size>
         <input_file_ref idref="fl-de"/>
      </object_component>
      <object_component id="oc-77">
         <name>.debug_line</name>
         <load_address>0x2bae</load_address>
         <run_address>0x2bae</run_address>
         <size>0x33</size>
         <input_file_ref idref="fl-df"/>
      </object_component>
      <object_component id="oc-5a">
         <name>.debug_line</name>
         <load_address>0x2be1</load_address>
         <run_address>0x2be1</run_address>
         <size>0x45</size>
         <input_file_ref idref="fl-df"/>
      </object_component>
      <object_component id="oc-38">
         <name>.debug_line</name>
         <load_address>0x2c26</load_address>
         <run_address>0x2c26</run_address>
         <size>0x88</size>
         <input_file_ref idref="fl-e0"/>
      </object_component>
      <object_component id="oc-1e7">
         <name>.debug_line</name>
         <load_address>0x2cae</load_address>
         <run_address>0x2cae</run_address>
         <size>0xbf</size>
         <input_file_ref idref="fl-e2"/>
      </object_component>
      <object_component id="oc-102">
         <name>.debug_line</name>
         <load_address>0x2d6d</load_address>
         <run_address>0x2d6d</run_address>
         <size>0x6f</size>
         <input_file_ref idref="fl-e2"/>
      </object_component>
      <object_component id="oc-1eb">
         <name>.debug_line</name>
         <load_address>0x2ddc</load_address>
         <run_address>0x2ddc</run_address>
         <size>0x2e</size>
         <input_file_ref idref="fl-e2"/>
      </object_component>
      <object_component id="oc-203">
         <name>.debug_line</name>
         <load_address>0x2e0a</load_address>
         <run_address>0x2e0a</run_address>
         <size>0x9a</size>
         <input_file_ref idref="fl-e2"/>
      </object_component>
      <object_component id="oc-1f0">
         <name>.debug_line</name>
         <load_address>0x2ea4</load_address>
         <run_address>0x2ea4</run_address>
         <size>0x97</size>
         <input_file_ref idref="fl-e2"/>
      </object_component>
      <object_component id="oc-1f5">
         <name>.debug_line</name>
         <load_address>0x2f3b</load_address>
         <run_address>0x2f3b</run_address>
         <size>0x93</size>
         <input_file_ref idref="fl-e2"/>
      </object_component>
      <object_component id="oc-98">
         <name>.debug_line</name>
         <load_address>0x2fce</load_address>
         <run_address>0x2fce</run_address>
         <size>0x40</size>
         <input_file_ref idref="fl-e3"/>
      </object_component>
      <object_component id="oc-f7">
         <name>.debug_line</name>
         <load_address>0x300e</load_address>
         <run_address>0x300e</run_address>
         <size>0x3c</size>
         <input_file_ref idref="fl-e5"/>
      </object_component>
      <object_component id="oc-1d6">
         <name>.debug_abbrev</name>
         <load_address>0x0</load_address>
         <run_address>0x0</run_address>
         <size>0xc2</size>
         <input_file_ref idref="fl-2"/>
      </object_component>
      <object_component id="oc-17b">
         <name>.debug_abbrev</name>
         <load_address>0xc2</load_address>
         <run_address>0xc2</run_address>
         <size>0xbd</size>
         <input_file_ref idref="fl-2"/>
      </object_component>
      <object_component id="oc-e2">
         <name>.debug_abbrev</name>
         <load_address>0x17f</load_address>
         <run_address>0x17f</run_address>
         <size>0x69</size>
         <input_file_ref idref="fl-2"/>
      </object_component>
      <object_component id="oc-180">
         <name>.debug_abbrev</name>
         <load_address>0x1e8</load_address>
         <run_address>0x1e8</run_address>
         <size>0x97</size>
         <input_file_ref idref="fl-2"/>
      </object_component>
      <object_component id="oc-d6">
         <name>.debug_abbrev</name>
         <load_address>0x27f</load_address>
         <run_address>0x27f</run_address>
         <size>0x1f</size>
         <input_file_ref idref="fl-2"/>
      </object_component>
      <object_component id="oc-18a">
         <name>.debug_abbrev</name>
         <load_address>0x29e</load_address>
         <run_address>0x29e</run_address>
         <size>0x5c</size>
         <input_file_ref idref="fl-2"/>
      </object_component>
      <object_component id="oc-140">
         <name>.debug_abbrev</name>
         <load_address>0x2fa</load_address>
         <run_address>0x2fa</run_address>
         <size>0x24</size>
         <input_file_ref idref="fl-2"/>
      </object_component>
      <object_component id="oc-db">
         <name>.debug_abbrev</name>
         <load_address>0x31e</load_address>
         <run_address>0x31e</run_address>
         <size>0x24</size>
         <input_file_ref idref="fl-2"/>
      </object_component>
      <object_component id="oc-1bc">
         <name>.debug_abbrev</name>
         <load_address>0x342</load_address>
         <run_address>0x342</run_address>
         <size>0xf9</size>
         <input_file_ref idref="fl-5"/>
      </object_component>
      <object_component id="oc-34">
         <name>.debug_abbrev</name>
         <load_address>0x43b</load_address>
         <run_address>0x43b</run_address>
         <size>0x1f</size>
         <input_file_ref idref="fl-5"/>
      </object_component>
      <object_component id="oc-1b8">
         <name>.debug_abbrev</name>
         <load_address>0x45a</load_address>
         <run_address>0x45a</run_address>
         <size>0xbb</size>
         <input_file_ref idref="fl-b"/>
      </object_component>
      <object_component id="oc-1b6">
         <name>.debug_abbrev</name>
         <load_address>0x515</load_address>
         <run_address>0x515</run_address>
         <size>0x27</size>
         <input_file_ref idref="fl-b"/>
      </object_component>
      <object_component id="oc-1b4">
         <name>.debug_abbrev</name>
         <load_address>0x53c</load_address>
         <run_address>0x53c</run_address>
         <size>0x27</size>
         <input_file_ref idref="fl-b"/>
      </object_component>
      <object_component id="oc-14a">
         <name>.debug_abbrev</name>
         <load_address>0x563</load_address>
         <run_address>0x563</run_address>
         <size>0x105</size>
         <input_file_ref idref="fl-b"/>
      </object_component>
      <object_component id="oc-1cb">
         <name>.debug_abbrev</name>
         <load_address>0x668</load_address>
         <run_address>0x668</run_address>
         <size>0xb4</size>
         <input_file_ref idref="fl-d"/>
      </object_component>
      <object_component id="oc-1bf">
         <name>.debug_abbrev</name>
         <load_address>0x71c</load_address>
         <run_address>0x71c</run_address>
         <size>0x27</size>
         <input_file_ref idref="fl-d"/>
      </object_component>
      <object_component id="oc-1c1">
         <name>.debug_abbrev</name>
         <load_address>0x743</load_address>
         <run_address>0x743</run_address>
         <size>0x27</size>
         <input_file_ref idref="fl-d"/>
      </object_component>
      <object_component id="oc-1c3">
         <name>.debug_abbrev</name>
         <load_address>0x76a</load_address>
         <run_address>0x76a</run_address>
         <size>0x27</size>
         <input_file_ref idref="fl-d"/>
      </object_component>
      <object_component id="oc-1c5">
         <name>.debug_abbrev</name>
         <load_address>0x791</load_address>
         <run_address>0x791</run_address>
         <size>0x27</size>
         <input_file_ref idref="fl-d"/>
      </object_component>
      <object_component id="oc-1c7">
         <name>.debug_abbrev</name>
         <load_address>0x7b8</load_address>
         <run_address>0x7b8</run_address>
         <size>0x27</size>
         <input_file_ref idref="fl-d"/>
      </object_component>
      <object_component id="oc-1c9">
         <name>.debug_abbrev</name>
         <load_address>0x7df</load_address>
         <run_address>0x7df</run_address>
         <size>0x27</size>
         <input_file_ref idref="fl-d"/>
      </object_component>
      <object_component id="oc-1bd">
         <name>.debug_abbrev</name>
         <load_address>0x806</load_address>
         <run_address>0x806</run_address>
         <size>0x29</size>
         <input_file_ref idref="fl-d"/>
      </object_component>
      <object_component id="oc-169">
         <name>.debug_abbrev</name>
         <load_address>0x82f</load_address>
         <run_address>0x82f</run_address>
         <size>0x15d</size>
         <input_file_ref idref="fl-d"/>
      </object_component>
      <object_component id="oc-177">
         <name>.debug_abbrev</name>
         <load_address>0x98c</load_address>
         <run_address>0x98c</run_address>
         <size>0x14e</size>
         <input_file_ref idref="fl-e"/>
      </object_component>
      <object_component id="oc-175">
         <name>.debug_abbrev</name>
         <load_address>0xada</load_address>
         <run_address>0xada</run_address>
         <size>0x29</size>
         <input_file_ref idref="fl-e"/>
      </object_component>
      <object_component id="oc-173">
         <name>.debug_abbrev</name>
         <load_address>0xb03</load_address>
         <run_address>0xb03</run_address>
         <size>0x29</size>
         <input_file_ref idref="fl-e"/>
      </object_component>
      <object_component id="oc-d3">
         <name>.debug_abbrev</name>
         <load_address>0xb2c</load_address>
         <run_address>0xb2c</run_address>
         <size>0x9b</size>
         <input_file_ref idref="fl-e"/>
      </object_component>
      <object_component id="oc-1d1">
         <name>.debug_abbrev</name>
         <load_address>0xbc7</load_address>
         <run_address>0xbc7</run_address>
         <size>0x4b</size>
         <input_file_ref idref="fl-e"/>
      </object_component>
      <object_component id="oc-185">
         <name>.debug_abbrev</name>
         <load_address>0xc12</load_address>
         <run_address>0xc12</run_address>
         <size>0x4b</size>
         <input_file_ref idref="fl-e"/>
      </object_component>
      <object_component id="oc-1d4">
         <name>.debug_abbrev</name>
         <load_address>0xc5d</load_address>
         <run_address>0xc5d</run_address>
         <size>0xe5</size>
         <input_file_ref idref="fl-10"/>
      </object_component>
      <object_component id="oc-171">
         <name>.debug_abbrev</name>
         <load_address>0xd42</load_address>
         <run_address>0xd42</run_address>
         <size>0x15f</size>
         <input_file_ref idref="fl-10"/>
      </object_component>
      <object_component id="oc-1fb">
         <name>.debug_abbrev</name>
         <load_address>0xea1</load_address>
         <run_address>0xea1</run_address>
         <size>0xbb</size>
         <input_file_ref idref="fl-15"/>
      </object_component>
      <object_component id="oc-1cd">
         <name>.debug_abbrev</name>
         <load_address>0xf5c</load_address>
         <run_address>0xf5c</run_address>
         <size>0x134</size>
         <input_file_ref idref="fl-15"/>
      </object_component>
      <object_component id="oc-1ba">
         <name>.debug_abbrev</name>
         <load_address>0x1090</load_address>
         <run_address>0x1090</run_address>
         <size>0xbb</size>
         <input_file_ref idref="fl-16"/>
      </object_component>
      <object_component id="oc-14c">
         <name>.debug_abbrev</name>
         <load_address>0x114b</load_address>
         <run_address>0x114b</run_address>
         <size>0x161</size>
         <input_file_ref idref="fl-16"/>
      </object_component>
      <object_component id="oc-de">
         <name>.debug_abbrev</name>
         <load_address>0x12ac</load_address>
         <run_address>0x12ac</run_address>
         <size>0x7c</size>
         <input_file_ref idref="fl-17"/>
      </object_component>
      <object_component id="oc-73">
         <name>.debug_abbrev</name>
         <load_address>0x1328</load_address>
         <run_address>0x1328</run_address>
         <size>0x29</size>
         <input_file_ref idref="fl-17"/>
      </object_component>
      <object_component id="oc-ab">
         <name>.debug_abbrev</name>
         <load_address>0x1351</load_address>
         <run_address>0x1351</run_address>
         <size>0x89</size>
         <input_file_ref idref="fl-17"/>
      </object_component>
      <object_component id="oc-1f9">
         <name>.debug_abbrev</name>
         <load_address>0x13da</load_address>
         <run_address>0x13da</run_address>
         <size>0x7a</size>
         <input_file_ref idref="fl-18"/>
      </object_component>
      <object_component id="oc-1b0">
         <name>.debug_abbrev</name>
         <load_address>0x1454</load_address>
         <run_address>0x1454</run_address>
         <size>0x124</size>
         <input_file_ref idref="fl-18"/>
      </object_component>
      <object_component id="oc-1ae">
         <name>.debug_abbrev</name>
         <load_address>0x1578</load_address>
         <run_address>0x1578</run_address>
         <size>0x29</size>
         <input_file_ref idref="fl-19"/>
      </object_component>
      <object_component id="oc-136">
         <name>.debug_abbrev</name>
         <load_address>0x15a1</load_address>
         <run_address>0x15a1</run_address>
         <size>0x8b</size>
         <input_file_ref idref="fl-19"/>
      </object_component>
      <object_component id="oc-1b2">
         <name>.debug_abbrev</name>
         <load_address>0x162c</load_address>
         <run_address>0x162c</run_address>
         <size>0xbb</size>
         <input_file_ref idref="fl-1e"/>
      </object_component>
      <object_component id="oc-13d">
         <name>.debug_abbrev</name>
         <load_address>0x16e7</load_address>
         <run_address>0x16e7</run_address>
         <size>0x7a</size>
         <input_file_ref idref="fl-1e"/>
      </object_component>
      <object_component id="oc-f1">
         <name>.debug_abbrev</name>
         <load_address>0x1761</load_address>
         <run_address>0x1761</run_address>
         <size>0x5d</size>
         <input_file_ref idref="fl-dc"/>
      </object_component>
      <object_component id="oc-86">
         <name>.debug_abbrev</name>
         <load_address>0x17be</load_address>
         <run_address>0x17be</run_address>
         <size>0x6f</size>
         <input_file_ref idref="fl-dc"/>
      </object_component>
      <object_component id="oc-89">
         <name>.debug_abbrev</name>
         <load_address>0x182d</load_address>
         <run_address>0x182d</run_address>
         <size>0x24</size>
         <input_file_ref idref="fl-dc"/>
      </object_component>
      <object_component id="oc-ee">
         <name>.debug_abbrev</name>
         <load_address>0x1851</load_address>
         <run_address>0x1851</run_address>
         <size>0x24</size>
         <input_file_ref idref="fl-dc"/>
      </object_component>
      <object_component id="oc-84">
         <name>.debug_abbrev</name>
         <load_address>0x1875</load_address>
         <run_address>0x1875</run_address>
         <size>0x37</size>
         <input_file_ref idref="fl-dd"/>
      </object_component>
      <object_component id="oc-3c">
         <name>.debug_abbrev</name>
         <load_address>0x18ac</load_address>
         <run_address>0x18ac</run_address>
         <size>0x74</size>
         <input_file_ref idref="fl-dd"/>
      </object_component>
      <object_component id="oc-3f">
         <name>.debug_abbrev</name>
         <load_address>0x1920</load_address>
         <run_address>0x1920</run_address>
         <size>0x24</size>
         <input_file_ref idref="fl-dd"/>
      </object_component>
      <object_component id="oc-81">
         <name>.debug_abbrev</name>
         <load_address>0x1944</load_address>
         <run_address>0x1944</run_address>
         <size>0x24</size>
         <input_file_ref idref="fl-dd"/>
      </object_component>
      <object_component id="oc-ea">
         <name>.debug_abbrev</name>
         <load_address>0x1968</load_address>
         <run_address>0x1968</run_address>
         <size>0x37</size>
         <input_file_ref idref="fl-de"/>
      </object_component>
      <object_component id="oc-2c">
         <name>.debug_abbrev</name>
         <load_address>0x199f</load_address>
         <run_address>0x199f</run_address>
         <size>0x6f</size>
         <input_file_ref idref="fl-de"/>
      </object_component>
      <object_component id="oc-2f">
         <name>.debug_abbrev</name>
         <load_address>0x1a0e</load_address>
         <run_address>0x1a0e</run_address>
         <size>0x24</size>
         <input_file_ref idref="fl-de"/>
      </object_component>
      <object_component id="oc-e7">
         <name>.debug_abbrev</name>
         <load_address>0x1a32</load_address>
         <run_address>0x1a32</run_address>
         <size>0x35</size>
         <input_file_ref idref="fl-de"/>
      </object_component>
      <object_component id="oc-7a">
         <name>.debug_abbrev</name>
         <load_address>0x1a67</load_address>
         <run_address>0x1a67</run_address>
         <size>0x24</size>
         <input_file_ref idref="fl-de"/>
      </object_component>
      <object_component id="oc-76">
         <name>.debug_abbrev</name>
         <load_address>0x1a8b</load_address>
         <run_address>0x1a8b</run_address>
         <size>0x29</size>
         <input_file_ref idref="fl-df"/>
      </object_component>
      <object_component id="oc-9c">
         <name>.debug_abbrev</name>
         <load_address>0x1ab4</load_address>
         <run_address>0x1ab4</run_address>
         <size>0x55</size>
         <input_file_ref idref="fl-df"/>
      </object_component>
      <object_component id="oc-7e">
         <name>.debug_abbrev</name>
         <load_address>0x1b09</load_address>
         <run_address>0x1b09</run_address>
         <size>0x3e</size>
         <input_file_ref idref="fl-e0"/>
      </object_component>
      <object_component id="oc-1e6">
         <name>.debug_abbrev</name>
         <load_address>0x1b47</load_address>
         <run_address>0x1b47</run_address>
         <size>0xc0</size>
         <input_file_ref idref="fl-e2"/>
      </object_component>
      <object_component id="oc-198">
         <name>.debug_abbrev</name>
         <load_address>0x1c07</load_address>
         <run_address>0x1c07</run_address>
         <size>0x7e</size>
         <input_file_ref idref="fl-e2"/>
      </object_component>
      <object_component id="oc-1ea">
         <name>.debug_abbrev</name>
         <load_address>0x1c85</load_address>
         <run_address>0x1c85</run_address>
         <size>0x24</size>
         <input_file_ref idref="fl-e2"/>
      </object_component>
      <object_component id="oc-202">
         <name>.debug_abbrev</name>
         <load_address>0x1ca9</load_address>
         <run_address>0x1ca9</run_address>
         <size>0x24</size>
         <input_file_ref idref="fl-e2"/>
      </object_component>
      <object_component id="oc-1ef">
         <name>.debug_abbrev</name>
         <load_address>0x1ccd</load_address>
         <run_address>0x1ccd</run_address>
         <size>0x24</size>
         <input_file_ref idref="fl-e2"/>
      </object_component>
      <object_component id="oc-1f4">
         <name>.debug_abbrev</name>
         <load_address>0x1cf1</load_address>
         <run_address>0x1cf1</run_address>
         <size>0x4b</size>
         <input_file_ref idref="fl-e2"/>
      </object_component>
      <object_component id="oc-f4">
         <name>.debug_abbrev</name>
         <load_address>0x1d3c</load_address>
         <run_address>0x1d3c</run_address>
         <size>0x55</size>
         <input_file_ref idref="fl-e3"/>
      </object_component>
      <object_component id="oc-18e">
         <name>.debug_abbrev</name>
         <load_address>0x1d91</load_address>
         <run_address>0x1d91</run_address>
         <size>0x45</size>
         <input_file_ref idref="fl-e5"/>
      </object_component>
      <object_component id="oc-243">
         <name>.debug_abbrev</name>
         <load_address>0x1dd6</load_address>
         <run_address>0x1dd6</run_address>
         <size>0xf</size>
      </object_component>
      <object_component id="oc-17d">
         <name>.debug_str</name>
         <load_address>0x0</load_address>
         <run_address>0x0</run_address>
         <size>0x15d0</size>
         <input_file_ref idref="fl-2"/>
      </object_component>
      <object_component id="oc-e4">
         <name>.debug_str</name>
         <load_address>0x15d0</load_address>
         <run_address>0x15d0</run_address>
         <size>0x2b7</size>
         <input_file_ref idref="fl-2"/>
      </object_component>
      <object_component id="oc-182">
         <name>.debug_str</name>
         <load_address>0x1887</load_address>
         <run_address>0x1887</run_address>
         <size>0x48c</size>
         <input_file_ref idref="fl-2"/>
      </object_component>
      <object_component id="oc-d8">
         <name>.debug_str</name>
         <load_address>0x1d13</load_address>
         <run_address>0x1d13</run_address>
         <size>0xfd</size>
         <input_file_ref idref="fl-2"/>
      </object_component>
      <object_component id="oc-18c">
         <name>.debug_str</name>
         <load_address>0x1e10</load_address>
         <run_address>0x1e10</run_address>
         <size>0x34d</size>
         <input_file_ref idref="fl-2"/>
      </object_component>
      <object_component id="oc-142">
         <name>.debug_str</name>
         <load_address>0x215d</load_address>
         <run_address>0x215d</run_address>
         <size>0x1c2</size>
         <input_file_ref idref="fl-2"/>
      </object_component>
      <object_component id="oc-dd">
         <name>.debug_str</name>
         <load_address>0x231f</load_address>
         <run_address>0x231f</run_address>
         <size>0x14f</size>
         <input_file_ref idref="fl-2"/>
      </object_component>
      <object_component id="oc-36">
         <name>.debug_str</name>
         <load_address>0x246e</load_address>
         <run_address>0x246e</run_address>
         <size>0xfd</size>
         <input_file_ref idref="fl-5"/>
      </object_component>
      <object_component id="oc-1d3">
         <name>.debug_str</name>
         <load_address>0x256b</load_address>
         <run_address>0x256b</run_address>
         <size>0x129</size>
         <input_file_ref idref="fl-e"/>
      </object_component>
      <object_component id="oc-187">
         <name>.debug_str</name>
         <load_address>0x2694</load_address>
         <run_address>0x2694</run_address>
         <size>0x18f</size>
         <input_file_ref idref="fl-e"/>
      </object_component>
      <object_component id="oc-8b">
         <name>.debug_str</name>
         <load_address>0x2823</load_address>
         <run_address>0x2823</run_address>
         <size>0x105</size>
         <input_file_ref idref="fl-dc"/>
      </object_component>
      <object_component id="oc-f0">
         <name>.debug_str</name>
         <load_address>0x2928</load_address>
         <run_address>0x2928</run_address>
         <size>0x140</size>
         <input_file_ref idref="fl-dc"/>
      </object_component>
      <object_component id="oc-41">
         <name>.debug_str</name>
         <load_address>0x2a68</load_address>
         <run_address>0x2a68</run_address>
         <size>0x10b</size>
         <input_file_ref idref="fl-dd"/>
      </object_component>
      <object_component id="oc-83">
         <name>.debug_str</name>
         <load_address>0x2b73</load_address>
         <run_address>0x2b73</run_address>
         <size>0x140</size>
         <input_file_ref idref="fl-dd"/>
      </object_component>
      <object_component id="oc-31">
         <name>.debug_str</name>
         <load_address>0x2cb3</load_address>
         <run_address>0x2cb3</run_address>
         <size>0x118</size>
         <input_file_ref idref="fl-de"/>
      </object_component>
      <object_component id="oc-e9">
         <name>.debug_str</name>
         <load_address>0x2dcb</load_address>
         <run_address>0x2dcb</run_address>
         <size>0x16b</size>
         <input_file_ref idref="fl-de"/>
      </object_component>
      <object_component id="oc-7c">
         <name>.debug_str</name>
         <load_address>0x2f36</load_address>
         <run_address>0x2f36</run_address>
         <size>0x158</size>
         <input_file_ref idref="fl-de"/>
      </object_component>
      <object_component id="oc-1ec">
         <name>.debug_str</name>
         <load_address>0x308e</load_address>
         <run_address>0x308e</run_address>
         <size>0xed</size>
         <input_file_ref idref="fl-e2"/>
      </object_component>
      <object_component id="oc-204">
         <name>.debug_str</name>
         <load_address>0x317b</load_address>
         <run_address>0x317b</run_address>
         <size>0x157</size>
         <input_file_ref idref="fl-e2"/>
      </object_component>
      <object_component id="oc-1f1">
         <name>.debug_str</name>
         <load_address>0x32d2</load_address>
         <run_address>0x32d2</run_address>
         <size>0x150</size>
         <input_file_ref idref="fl-e2"/>
      </object_component>
      <object_component id="oc-1f6">
         <name>.debug_str</name>
         <load_address>0x3422</load_address>
         <run_address>0x3422</run_address>
         <size>0x197</size>
         <input_file_ref idref="fl-e2"/>
      </object_component>
      <object_component id="oc-17a">
         <name>.debug_pubtypes</name>
         <load_address>0x0</load_address>
         <run_address>0x0</run_address>
         <size>0x2ce</size>
         <input_file_ref idref="fl-2"/>
      </object_component>
      <object_component id="oc-e1">
         <name>.debug_pubtypes</name>
         <load_address>0x2ce</load_address>
         <run_address>0x2ce</run_address>
         <size>0x25c</size>
         <input_file_ref idref="fl-2"/>
      </object_component>
      <object_component id="oc-17f">
         <name>.debug_pubtypes</name>
         <load_address>0x52a</load_address>
         <run_address>0x52a</run_address>
         <size>0xdd</size>
         <input_file_ref idref="fl-2"/>
      </object_component>
      <object_component id="oc-d5">
         <name>.debug_pubtypes</name>
         <load_address>0x607</load_address>
         <run_address>0x607</run_address>
         <size>0xff</size>
         <input_file_ref idref="fl-2"/>
      </object_component>
      <object_component id="oc-189">
         <name>.debug_pubtypes</name>
         <load_address>0x706</load_address>
         <run_address>0x706</run_address>
         <size>0x330</size>
         <input_file_ref idref="fl-2"/>
      </object_component>
      <object_component id="oc-13f">
         <name>.debug_pubtypes</name>
         <load_address>0xa36</load_address>
         <run_address>0xa36</run_address>
         <size>0x12e</size>
         <input_file_ref idref="fl-2"/>
      </object_component>
      <object_component id="oc-da">
         <name>.debug_pubtypes</name>
         <load_address>0xb64</load_address>
         <run_address>0xb64</run_address>
         <size>0xaa</size>
         <input_file_ref idref="fl-2"/>
      </object_component>
      <object_component id="oc-33">
         <name>.debug_pubtypes</name>
         <load_address>0xc0e</load_address>
         <run_address>0xc0e</run_address>
         <size>0xed</size>
         <input_file_ref idref="fl-5"/>
      </object_component>
      <object_component id="oc-1d0">
         <name>.debug_pubtypes</name>
         <load_address>0xcfb</load_address>
         <run_address>0xcfb</run_address>
         <size>0x39</size>
         <input_file_ref idref="fl-e"/>
      </object_component>
      <object_component id="oc-184">
         <name>.debug_pubtypes</name>
         <load_address>0xd34</load_address>
         <run_address>0xd34</run_address>
         <size>0x7e</size>
         <input_file_ref idref="fl-e"/>
      </object_component>
      <object_component id="oc-88">
         <name>.debug_pubtypes</name>
         <load_address>0xdb2</load_address>
         <run_address>0xdb2</run_address>
         <size>0x48</size>
         <input_file_ref idref="fl-dc"/>
      </object_component>
      <object_component id="oc-ed">
         <name>.debug_pubtypes</name>
         <load_address>0xdfa</load_address>
         <run_address>0xdfa</run_address>
         <size>0x1d</size>
         <input_file_ref idref="fl-dc"/>
      </object_component>
      <object_component id="oc-3e">
         <name>.debug_pubtypes</name>
         <load_address>0xe17</load_address>
         <run_address>0xe17</run_address>
         <size>0x48</size>
         <input_file_ref idref="fl-dd"/>
      </object_component>
      <object_component id="oc-80">
         <name>.debug_pubtypes</name>
         <load_address>0xe5f</load_address>
         <run_address>0xe5f</run_address>
         <size>0x1d</size>
         <input_file_ref idref="fl-dd"/>
      </object_component>
      <object_component id="oc-2e">
         <name>.debug_pubtypes</name>
         <load_address>0xe7c</load_address>
         <run_address>0xe7c</run_address>
         <size>0x5d</size>
         <input_file_ref idref="fl-de"/>
      </object_component>
      <object_component id="oc-e6">
         <name>.debug_pubtypes</name>
[...]
         <value>0x721</value>
         <object_component_ref idref="oc-b8"/>
      </symbol>
      <symbol id="sm-371">
         <name>EUSCI_A_SPI_getTransmitBufferAddressForDMA</name>
         <value>0x95b</value>
         <object_component_ref idref="oc-b8"/>
      </symbol>
      <symbol id="sm-372">
         <name>EUSCI_B_SPI_enable</name>
         <value>0x753</value>
         <object_component_ref idref="oc-b8"/>
      </symbol>
      <symbol id="sm-373">
         <name>SPI_enableModule</name>
         <value>0x319</value>
         <object_component_ref idref="oc-b8"/>
      </symbol>
      <symbol id="sm-374">
         <name>EUSCI_A_SPI_receiveData</name>
         <value>0x8ab</value>
         <object_component_ref idref="oc-b8"/>
      </symbol>
      <symbol id="sm-375">
         <name>EUSCI_A_SPI_transmitData</name>
         <value>0x895</value>
         <object_component_ref idref="oc-b8"/>
      </symbol>
      <symbol id="sm-376">
         <name>SPI_disableModule</name>
         <value>0x335</value>
         <object_component_ref idref="oc-b8"/>
      </symbol>
      <symbol id="sm-377">
         <name>EUSCI_B_SPI_getReceiveBufferAddressForDMA</name>
         <value>0x77f</value>
         <object_component_ref idref="oc-b8"/>
      </symbol>
      <symbol id="sm-378">
         <name>SPI_changeMasterClock</name>
         <value>0x201</value>
         <object_component_ref idref="oc-b8"/>
      </symbol>
      <symbol id="sm-379">
         <name>EUSCI_B_SPI_disableInterrupt</name>
         <value>0x707</value>
         <object_component_ref idref="oc-b8"/>
      </symbol>
      <symbol id="sm-37a">
         <name>EUSCI_B_SPI_disable</name>
         <value>0x769</value>
         <object_component_ref idref="oc-b8"/>
      </symbol>
      <symbol id="sm-37b">
         <name>SPI_selectFourPinFunctionality</name>
         <value>0x1db</value>
         <object_component_ref idref="oc-b8"/>
      </symbol>
      <symbol id="sm-37c">
         <name>SPI_clearInterruptFlag</name>
         <value>0x459</value>
         <object_component_ref idref="oc-b8"/>
      </symbol>
      <symbol id="sm-37d">
         <name>SPI_registerInterrupt</name>
         <value>0x47f</value>
         <object_component_ref idref="oc-b8"/>
      </symbol>
      <symbol id="sm-37e">
         <name>EUSCI_B_SPI_changeClockPhasePolarity</name>
         <value>0x685</value>
         <object_component_ref idref="oc-b8"/>
      </symbol>
      <symbol id="sm-37f">
         <name>EUSCI_B_SPI_transmitData</name>
         <value>0x6c7</value>
         <object_component_ref idref="oc-b8"/>
      </symbol>
      <symbol id="sm-380">
         <name>SPI_isBusy</name>
         <value>0x399</value>
         <object_component_ref idref="oc-b8"/>
      </symbol>
      <symbol id="sm-381">
         <name>EUSCI_B_SPI_clearInterruptFlag</name>
         <value>0x739</value>
         <object_component_ref idref="oc-b8"/>
      </symbol>
      <symbol id="sm-382">
         <name>EUSCI_A_SPI_clearInterruptFlag</name>
         <value>0x907</value>
         <object_component_ref idref="oc-b8"/>
      </symbol>
      <symbol id="sm-383">
         <name>SPI_transmitData</name>
         <value>0x2d7</value>
         <object_component_ref idref="oc-b8"/>
      </symbol>
      <symbol id="sm-384">
         <name>SPI_getReceiveBufferAddressForDMA</name>
         <value>0x351</value>
         <object_component_ref idref="oc-b8"/>
      </symbol>
      <symbol id="sm-385">
         <name>SPI_getTransmitBufferAddressForDMA</name>
         <value>0x36d</value>
         <object_component_ref idref="oc-b8"/>
      </symbol>
      <symbol id="sm-386">
         <name>EUSCI_A_SPI_enable</name>
         <value>0x921</value>
         <object_component_ref idref="oc-b8"/>
      </symbol>
      <symbol id="sm-387">
         <name>EUSCI_B_SPI_enableInterrupt</name>
         <value>0x6ed</value>
         <object_component_ref idref="oc-b8"/>
      </symbol>
      <symbol id="sm-388">
         <name>SPI_receiveData</name>
         <value>0x2fd</value>
         <object_component_ref idref="oc-b8"/>
      </symbol>
      <symbol id="sm-389">
         <name>EUSCI_A_SPI_getReceiveBufferAddressForDMA</name>
         <value>0x94d</value>
         <object_component_ref idref="oc-b8"/>
      </symbol>
      <symbol id="sm-38a">
         <name>SPI_getInterruptStatus</name>
         <value>0x401</value>
         <object_component_ref idref="oc-b8"/>
      </symbol>
      <symbol id="sm-38b">
         <name>EUSCI_A_SPI_slaveInit</name>
         <value>0x809</value>
         <object_component_ref idref="oc-b8"/>
      </symbol>
      <symbol id="sm-38c">
         <name>EUSCI_B_SPI_slaveInit</name>
         <value>0x63b</value>
         <object_component_ref idref="oc-b8"/>
      </symbol>
      <symbol id="sm-38d">
         <name>SPI_initMaster</name>
         <value>0x115</value>
         <object_component_ref idref="oc-b8"/>
      </symbol>
      <symbol id="sm-38e">
         <name>SPI_getEnabledInterruptStatus</name>
         <value>0x429</value>
         <object_component_ref idref="oc-b8"/>
      </symbol>
      <symbol id="sm-38f">
         <name>EUSCI_B_SPI_getTransmitBufferAddressForDMA</name>
         <value>0x78d</value>
         <object_component_ref idref="oc-b8"/>
      </symbol>
      <symbol id="sm-390">
         <name>EUSCI_A_SPI_disableInterrupt</name>
         <value>0x8d5</value>
         <object_component_ref idref="oc-b8"/>
      </symbol>
      <symbol id="sm-391">
         <name>SPI_unregisterInterrupt</name>
         <value>0x53d</value>
         <object_component_ref idref="oc-b8"/>
      </symbol>
      <symbol id="sm-392">
         <name>EUSCI_A_SPI_masterChangeClock</name>
         <value>0x7d3</value>
         <object_component_ref idref="oc-b8"/>
      </symbol>
      <symbol id="sm-393">
         <name>EUSCI_A_SPI_isBusy</name>
         <value>0x969</value>
         <object_component_ref idref="oc-b8"/>
      </symbol>
      <symbol id="sm-394">
         <name>SPI_enableInterrupt</name>
         <value>0x3b5</value>
         <object_component_ref idref="oc-b8"/>
      </symbol>
      <symbol id="sm-395">
         <name>SPI_disableInterrupt</name>
         <value>0x3db</value>
         <object_component_ref idref="oc-b8"/>
      </symbol>
      <symbol id="sm-3aa">
         <name>Reset_Handler</name>
         <value>0x2903</value>
         <object_component_ref idref="oc-67"/>
      </symbol>
      <symbol id="sm-3ab">
         <name>Default_Handler</name>
         <value>0x290f</value>
         <object_component_ref idref="oc-67"/>
      </symbol>
      <symbol id="sm-3ac">
         <name>interruptVectors</name>
         <value>0x0</value>
         <object_component_ref idref="oc-26"/>
      </symbol>
      <symbol id="sm-3ef">
         <name>SysCtl_disableSRAMBankRetention</name>
         <value>0x23dd</value>
         <object_component_ref idref="oc-137"/>
      </symbol>
      <symbol id="sm-3f0">
         <name>SysCtl_getTempCalibrationConstant</name>
         <value>0x248b</value>
         <object_component_ref idref="oc-137"/>
      </symbol>
      <symbol id="sm-3f1">
         <name>SysCtl_enablePeripheralAtCPUHalt</name>
         <value>0x2403</value>
         <object_component_ref idref="oc-137"/>
      </symbol>
      <symbol id="sm-3f2">
         <name>SysCtl_getSRAMSize</name>
         <value>0x2303</value>
         <object_component_ref idref="oc-137"/>
      </symbol>
      <symbol id="sm-3f3">
         <name>SysCtl_enableSRAMBank</name>
         <value>0x233d</value>
         <object_component_ref idref="oc-137"/>
      </symbol>
      <symbol id="sm-3f4">
         <name>SysCtl_disablePeripheralAtCPUHalt</name>
         <value>0x2417</value>
         <object_component_ref idref="oc-137"/>
      </symbol>
      <symbol id="sm-3f5">
         <name>SysCtl_setWDTTimeoutResetType</name>
         <value>0x242b</value>
         <object_component_ref idref="oc-137"/>
      </symbol>
      <symbol id="sm-3f6">
         <name>SysCtl_getNMISourceStatus</name>
         <value>0x2337</value>
         <object_component_ref idref="oc-137"/>
      </symbol>
      <symbol id="sm-3f7">
         <name>SysCtl_enableNMISource</name>
         <value>0x2323</value>
         <object_component_ref idref="oc-137"/>
      </symbol>
      <symbol id="sm-3f8">
         <name>SysCtl_disableSRAMBank</name>
         <value>0x2359</value>
         <object_component_ref idref="oc-137"/>
      </symbol>
      <symbol id="sm-3f9">
         <name>SysCtl_disableGlitchFilter</name>
         <value>0x247f</value>
         <object_component_ref idref="oc-137"/>
      </symbol>
      <symbol id="sm-3fa">
         <name>SysCtl_disableNMISource</name>
         <value>0x230f</value>
         <object_component_ref idref="oc-137"/>
      </symbol>
      <symbol id="sm-3fb">
         <name>SysCtl_setWDTPasswordViolationResetType</name>
         <value>0x244f</value>
         <object_component_ref idref="oc-137"/>
      </symbol>
      <symbol id="sm-3fc">
         <name>SysCtl_rebootDevice</name>
         <value>0x23f9</value>
         <object_component_ref idref="oc-137"/>
      </symbol>
      <symbol id="sm-3fd">
         <name>SysCtl_getFlashSize</name>
         <value>0x2309</value>
         <object_component_ref idref="oc-137"/>
      </symbol>
      <symbol id="sm-3fe">
         <name>SysCtl_getTLVInfo</name>
         <value>0x228d</value>
         <object_component_ref idref="oc-137"/>
      </symbol>
      <symbol id="sm-3ff">
         <name>SysCtl_enableGlitchFilter</name>
         <value>0x2473</value>
         <object_component_ref idref="oc-137"/>
      </symbol>
      <symbol id="sm-400">
         <name>SysCtl_enableSRAMBankRetention</name>
         <value>0x23c1</value>
         <object_component_ref idref="oc-137"/>
      </symbol>
      <symbol id="sm-448">
         <name>SystemInit</name>
         <value>0x21b1</value>
         <object_component_ref idref="oc-a5"/>
      </symbol>
      <symbol id="sm-449">
         <name>SystemCoreClockUpdate</name>
         <value>0x1f39</value>
         <object_component_ref idref="oc-a5"/>
      </symbol>
      <symbol id="sm-44a">
         <name>SystemCoreClock</name>
         <value>0x20000120</value>
         <object_component_ref idref="oc-133"/>
      </symbol>
      <symbol id="sm-465">
         <name>WDT_A_setTimeoutReset</name>
         <value>0x26e9</value>
         <object_component_ref idref="oc-ac"/>
      </symbol>
      <symbol id="sm-466">
         <name>WDT_A_registerInterrupt</name>
         <value>0x26f5</value>
         <object_component_ref idref="oc-ac"/>
      </symbol>
      <symbol id="sm-467">
         <name>WDT_A_setPasswordViolationReset</name>
         <value>0x26dd</value>
         <object_component_ref idref="oc-ac"/>
      </symbol>
      <symbol id="sm-468">
         <name>WDT_A_initIntervalTimer</name>
         <value>0x26c1</value>
         <object_component_ref idref="oc-ac"/>
      </symbol>
      <symbol id="sm-469">
         <name>WDT_A_clearTimer</name>
         <value>0x2685</value>
         <object_component_ref idref="oc-ac"/>
      </symbol>
      <symbol id="sm-46a">
         <name>WDT_A_holdTimer</name>
         <value>0x2645</value>
         <object_component_ref idref="oc-ac"/>
      </symbol>
      <symbol id="sm-46b">
         <name>WDT_A_initWatchdogTimer</name>
         <value>0x26a5</value>
         <object_component_ref idref="oc-ac"/>
      </symbol>
      <symbol id="sm-46c">
         <name>WDT_A_startTimer</name>
         <value>0x2665</value>
         <object_component_ref idref="oc-ac"/>
      </symbol>
      <symbol id="sm-46d">
         <name>WDT_A_unregisterInterrupt</name>
         <value>0x2709</value>
         <object_component_ref idref="oc-ac"/>
      </symbol>
      <symbol id="sm-486">
         <name>__TI_zero_init_nomemset</name>
         <value>0x28d9</value>
         <object_component_ref idref="oc-43"/>
      </symbol>
      <symbol id="sm-49d">
         <name>__TI_decompress_none</name>
         <value>0x28f5</value>
         <object_component_ref idref="oc-1d"/>
      </symbol>
      <symbol id="sm-4c0">
         <name>__TI_decompress_lzss</name>
         <value>0x27b9</value>
         <object_component_ref idref="oc-17"/>
      </symbol>
      <symbol id="sm-4d3">
         <name>__stack</name>
         <value>0x2000fe00</value>
         <object_component_ref idref="oc-29"/>
      </symbol>
      <symbol id="sm-4d4">
         <name>_c_int00_noargs</name>
         <value>0x28a5</value>
         <object_component_ref idref="oc-55"/>
      </symbol>
      <symbol id="sm-4ef">
         <name>memcpy</name>
         <value>0x271d</value>
         <object_component_ref idref="oc-37"/>
      </symbol>
      <symbol id="sm-4f0">
         <name>__aeabi_memcpy</name>
         <value>0x271d</value>
         <object_component_ref idref="oc-37"/>
      </symbol>
      <symbol id="sm-4f1">
         <name>__aeabi_memcpy8</name>
         <value>0x271d</value>
         <object_component_ref idref="oc-37"/>
      </symbol>
      <symbol id="sm-4f2">
         <name>__aeabi_memcpy4</name>
         <value>0x271d</value>
         <object_component_ref idref="oc-37"/>
      </symbol>
      <symbol id="sm-51b">
         <name>__TI_auto_init_nobinit_nopinit</name>
         <value>0x2821</value>
         <object_component_ref idref="oc-101"/>
      </symbol>
      <symbol id="sm-525">
         <name>_system_pre_init</name>
         <value>0x2911</value>
         <object_component_ref idref="oc-93"/>
      </symbol>
      <symbol id="sm-531">
         <name>C$$EXIT</name>
         <value>0x2915</value>
         <object_component_ref idref="oc-f5"/>
      </symbol>
      <symbol id="sm-532">
         <name>abort</name>
         <value>0x2915</value>
         <object_component_ref idref="oc-f5"/>
      </symbol>
      <symbol id="sm-535">
         <name>__TI_static_base__</name>
         <value>0x0</value>
      </symbol>
      <symbol id="sm-538">
         <name>__mpu_init</name>
         <value>0x0</value>
      </symbol>
      <symbol id="sm-539">
         <name>_system_post_cinit</name>
         <value>0x0</value>
      </symbol>
      <symbol id="sm-53a">
         <name>NMI_Handler</name>
         <value>0x290f</value>
      </symbol>
      <symbol id="sm-53b">
         <name>HardFault_Handler</name>
         <value>0x290f</value>
      </symbol>
      <symbol id="sm-53c">
         <name>MemManage_Handler</name>
         <value>0x290f</value>
      </symbol>
      <symbol id="sm-53d">
         <name>BusFault_Handler</name>
         <value>0x290f</value>
      </symbol>
      <symbol id="sm-53e">
         <name>UsageFault_Handler</name>
         <value>0x290f</value>
      </symbol>
      <symbol id="sm-53f">
         <name>SVC_Handler</name>
         <value>0x290f</value>
      </symbol>
      <symbol id="sm-540">
         <name>DebugMon_Handler</name>
         <value>0x290f</value>
      </symbol>
      <symbol id="sm-541">
         <name>PendSV_Handler</name>
         <value>0x290f</value>
      </symbol>
      <symbol id="sm-542">
         <name>SysTick_Handler</name>
         <value>0x290f</value>
      </symbol>
      <symbol id="sm-543">
         <name>PSS_IRQHandler</name>
         <value>0x290f</value>
      </symbol>
      <symbol id="sm-544">
         <name>CS_IRQHandler</name>
         <value>0x290f</value>
      </symbol>
      <symbol id="sm-545">
         <name>PCM_IRQHandler</name>
         <value>0x290f</value>
      </symbol>
      <symbol id="sm-546">
         <name>WDT_A_IRQHandler</name>
         <value>0x290f</value>
      </symbol>
      <symbol id="sm-547">
         <name>FPU_IRQHandler</name>
         <value>0x290f</value>
      </symbol>
      <symbol id="sm-548">
         <name>FLCTL_IRQHandler</name>
         <value>0x290f</value>
      </symbol>
      <symbol id="sm-549">
         <name>COMP_E0_IRQHandler</name>
         <value>0x290f</value>
      </symbol>
      <symbol id="sm-54a">
         <name>COMP_E1_IRQHandler</name>
         <value>0x290f</value>
      </symbol>
      <symbol id="sm-54b">
         <name>TA0_0_IRQHandler</name>
         <value>0x290f</value>
      </symbol>
      <symbol id="sm-54c">
         <name>TA0_N_IRQHandler</name>
         <value>0x290f</value>
      </symbol>
      <symbol id="sm-54d">
         <name>TA1_0_IRQHandler</name>
         <value>0x290f</value>
      </symbol>
      <symbol id="sm-54e">
         <name>TA1_N_IRQHandler</name>
         <value>0x290f</value>
      </symbol>
      <symbol id="sm-54f">
         <name>TA2_0_IRQHandler</name>
         <value>0x290f</value>
      </symbol>
      <symbol id="sm-550">
         <name>TA2_N_IRQHandler</name>
         <value>0x290f</value>
      </symbol>
      <symbol id="sm-551">
         <name>TA3_0_IRQHandler</name>
         <value>0x290f</value>
      </symbol>
      <symbol id="sm-552">
         <name>TA3_N_IRQHandler</name>
         <value>0x290f</value>
      </symbol>
      <symbol id="sm-553">
         <name>EUSCIA0_IRQHandler</name>
         <value>0x290f</value>
      </symbol>
      <symbol id="sm-554">
         <name>EUSCIA1_IRQHandler</name>
         <value>0x290f</value>
      </symbol>
      <symbol id="sm-555">
         <name>EUSCIA2_IRQHandler</name>
         <value>0x290f</value>
      </symbol>
      <symbol id="sm-556">
         <name>EUSCIA3_IRQHandler</name>
         <value>0x290f</value>
      </symbol>
      <symbol id="sm-557">
         <name>EUSCIB0_IRQHandler</name>
         <value>0x290f</value>
      </symbol>
      <symbol id="sm-558">
         <name>EUSCIB1_IRQHandler</name>
         <value>0x290f</value>
      </symbol>
      <symbol id="sm-559">
         <name>EUSCIB2_IRQHandler</name>
         <value>0x2523</value>
      </symbol>
      <symbol id="sm-55a">
         <name>EUSCIB3_IRQHandler</name>
         <value>0x290f</value>
      </symbol>
      <symbol id="sm-55b">
         <name>ADC14_IRQHandler</name>
         <value>0x290f</value>
      </symbol>
      <symbol id="sm-55c">
         <name>T32_INT1_IRQHandler</name>
         <value>0x290f</value>
      </symbol>
      <symbol id="sm-55d">
         <name>T32_INT2_IRQHandler</name>
         <value>0x290f</value>
      </symbol>
      <symbol id="sm-55e">
         <name>T32_INTC_IRQHandler</name>
         <value>0x290f</value>
      </symbol>
      <symbol id="sm-55f">
         <name>AES256_IRQHandler</name>
         <value>0x290f</value>
      </symbol>
      <symbol id="sm-560">
         <name>RTC_C_IRQHandler</name>
         <value>0x290f</value>
      </symbol>
      <symbol id="sm-561">
         <name>DMA_ERR_IRQHandler</name>
         <value>0x290f</value>
      </symbol>
      <symbol id="sm-562">
         <name>DMA_INT3_IRQHandler</name>
         <value>0x290f</value>
      </symbol>
      <symbol id="sm-563">
         <name>DMA_INT2_IRQHandler</name>
         <value>0x290f</value>
      </symbol>
      <symbol id="sm-564">
         <name>DMA_INT1_IRQHandler</name>
         <value>0x290f</value>
      </symbol>
      <symbol id="sm-565">
         <name>DMA_INT0_IRQHandler</name>
         <value>0x290f</value>
      </symbol>
      <symbol id="sm-566">
         <name>PORT1_IRQHandler</name>
         <value>0x290f</value>
      </symbol>
      <symbol id="sm-567">
         <name>PORT2_IRQHandler</name>
         <value>0x290f</value>
      </symbol>
      <symbol id="sm-568">
         <name>PORT3_IRQHandler</name>
         <value>0x290f</value>
      </symbol>
      <symbol id="sm-569">
         <name>PORT4_IRQHandler</name>
         <value>0x290f</value>
      </symbol>
      <symbol id="sm-56a">
         <name>PORT5_IRQHandler</name>
         <value>0x290f</value>
      </symbol>
      <symbol id="sm-56b">
         <name>PORT6_IRQHandler</name>
         <value>0x290f</value>
      </symbol>
   </symbol_table>
   <title>Link successful</title>
</link_info>
